Archive member included because of file (symbol)

c:/siliconlabs/simplicitystudio/v4/developer/toolchains/gnu_arm/4.9_2015q3/bin/../lib/gcc/arm-none-eabi/4.9.3/armv7e-m/softfp\libgcc.a(_aeabi_uldivmod.o)
                              ./emlib/em_usart.o (__aeabi_uldivmod)
c:/siliconlabs/simplicitystudio/v4/developer/toolchains/gnu_arm/4.9_2015q3/bin/../lib/gcc/arm-none-eabi/4.9.3/armv7e-m/softfp\libgcc.a(bpabi.o)
                              c:/siliconlabs/simplicitystudio/v4/developer/toolchains/gnu_arm/4.9_2015q3/bin/../lib/gcc/arm-none-eabi/4.9.3/armv7e-m/softfp\libgcc.a(_aeabi_uldivmod.o) (__gnu_uldivmod_helper)
c:/siliconlabs/simplicitystudio/v4/developer/toolchains/gnu_arm/4.9_2015q3/bin/../lib/gcc/arm-none-eabi/4.9.3/armv7e-m/softfp\libgcc.a(_dvmd_tls.o)
                              c:/siliconlabs/simplicitystudio/v4/developer/toolchains/gnu_arm/4.9_2015q3/bin/../lib/gcc/arm-none-eabi/4.9.3/armv7e-m/softfp\libgcc.a(_aeabi_uldivmod.o) (__aeabi_ldiv0)
c:/siliconlabs/simplicitystudio/v4/developer/toolchains/gnu_arm/4.9_2015q3/bin/../lib/gcc/arm-none-eabi/4.9.3/armv7e-m/softfp\libgcc.a(_divdi3.o)
                              c:/siliconlabs/simplicitystudio/v4/developer/toolchains/gnu_arm/4.9_2015q3/bin/../lib/gcc/arm-none-eabi/4.9.3/armv7e-m/softfp\libgcc.a(bpabi.o) (__divdi3)
c:/siliconlabs/simplicitystudio/v4/developer/toolchains/gnu_arm/4.9_2015q3/bin/../lib/gcc/arm-none-eabi/4.9.3/armv7e-m/softfp\libgcc.a(_udivdi3.o)
                              c:/siliconlabs/simplicitystudio/v4/developer/toolchains/gnu_arm/4.9_2015q3/bin/../lib/gcc/arm-none-eabi/4.9.3/armv7e-m/softfp\libgcc.a(bpabi.o) (__udivdi3)
c:/siliconlabs/simplicitystudio/v4/developer/toolchains/gnu_arm/4.9_2015q3/bin/../lib/gcc/arm-none-eabi/4.9.3/../../../../arm-none-eabi/lib/armv7e-m/softfp\libc_nano.a(lib_a-exit.o)
                              c:/siliconlabs/simplicitystudio/v4/developer/toolchains/gnu_arm/4.9_2015q3/bin/../lib/gcc/arm-none-eabi/4.9.3/../../../../arm-none-eabi/lib/armv7e-m/softfp/crt0.o (exit)
c:/siliconlabs/simplicitystudio/v4/developer/toolchains/gnu_arm/4.9_2015q3/bin/../lib/gcc/arm-none-eabi/4.9.3/../../../../arm-none-eabi/lib/armv7e-m/softfp\libc_nano.a(lib_a-impure.o)
                              c:/siliconlabs/simplicitystudio/v4/developer/toolchains/gnu_arm/4.9_2015q3/bin/../lib/gcc/arm-none-eabi/4.9.3/../../../../arm-none-eabi/lib/armv7e-m/softfp\libc_nano.a(lib_a-exit.o) (_global_impure_ptr)
c:/siliconlabs/simplicitystudio/v4/developer/toolchains/gnu_arm/4.9_2015q3/bin/../lib/gcc/arm-none-eabi/4.9.3/../../../../arm-none-eabi/lib/armv7e-m/softfp\libc_nano.a(lib_a-init.o)
                              c:/siliconlabs/simplicitystudio/v4/developer/toolchains/gnu_arm/4.9_2015q3/bin/../lib/gcc/arm-none-eabi/4.9.3/../../../../arm-none-eabi/lib/armv7e-m/softfp/crt0.o (__libc_init_array)
c:/siliconlabs/simplicitystudio/v4/developer/toolchains/gnu_arm/4.9_2015q3/bin/../lib/gcc/arm-none-eabi/4.9.3/../../../../arm-none-eabi/lib/armv7e-m/softfp\libc_nano.a(lib_a-memcpy.o)
                              ./BSP/bsp_stk.o (memcpy)
c:/siliconlabs/simplicitystudio/v4/developer/toolchains/gnu_arm/4.9_2015q3/bin/../lib/gcc/arm-none-eabi/4.9.3/../../../../arm-none-eabi/lib/armv7e-m/softfp\libc_nano.a(lib_a-memset.o)
                              c:/siliconlabs/simplicitystudio/v4/developer/toolchains/gnu_arm/4.9_2015q3/bin/../lib/gcc/arm-none-eabi/4.9.3/../../../../arm-none-eabi/lib/armv7e-m/softfp/crt0.o (memset)
c:/siliconlabs/simplicitystudio/v4/developer/toolchains/gnu_arm/4.9_2015q3/bin/../lib/gcc/arm-none-eabi/4.9.3/../../../../arm-none-eabi/lib/armv7e-m/softfp\libnosys.a(_exit.o)
                              c:/siliconlabs/simplicitystudio/v4/developer/toolchains/gnu_arm/4.9_2015q3/bin/../lib/gcc/arm-none-eabi/4.9.3/../../../../arm-none-eabi/lib/armv7e-m/softfp\libc_nano.a(lib_a-exit.o) (_exit)

Allocating common symbols
Common symbol       size              file

SystemCoreClock     0x4               ./CMSIS/EFM32WG/system_efm32wg.o

Discarded input sections

 .text          0x00000000        0x0 c:/siliconlabs/simplicitystudio/v4/developer/toolchains/gnu_arm/4.9_2015q3/bin/../lib/gcc/arm-none-eabi/4.9.3/armv7e-m/softfp/crti.o
 .data          0x00000000        0x0 c:/siliconlabs/simplicitystudio/v4/developer/toolchains/gnu_arm/4.9_2015q3/bin/../lib/gcc/arm-none-eabi/4.9.3/armv7e-m/softfp/crti.o
 .bss           0x00000000        0x0 c:/siliconlabs/simplicitystudio/v4/developer/toolchains/gnu_arm/4.9_2015q3/bin/../lib/gcc/arm-none-eabi/4.9.3/armv7e-m/softfp/crti.o
 .data          0x00000000        0x4 c:/siliconlabs/simplicitystudio/v4/developer/toolchains/gnu_arm/4.9_2015q3/bin/../lib/gcc/arm-none-eabi/4.9.3/armv7e-m/softfp/crtbegin.o
 .data          0x00000000        0x0 c:/siliconlabs/simplicitystudio/v4/developer/toolchains/gnu_arm/4.9_2015q3/bin/../lib/gcc/arm-none-eabi/4.9.3/../../../../arm-none-eabi/lib/armv7e-m/softfp/crt0.o
 .bss           0x00000000        0x0 c:/siliconlabs/simplicitystudio/v4/developer/toolchains/gnu_arm/4.9_2015q3/bin/../lib/gcc/arm-none-eabi/4.9.3/../../../../arm-none-eabi/lib/armv7e-m/softfp/crt0.o
 .ARM.extab     0x00000000        0x0 c:/siliconlabs/simplicitystudio/v4/developer/toolchains/gnu_arm/4.9_2015q3/bin/../lib/gcc/arm-none-eabi/4.9.3/../../../../arm-none-eabi/lib/armv7e-m/softfp/crt0.o
 .text          0x00000000        0x0 ./BSP/bsp_bcc.o
 .data          0x00000000        0x0 ./BSP/bsp_bcc.o
 .bss           0x00000000        0x0 ./BSP/bsp_bcc.o
 .bss.rxByteCount
                0x00000000        0x4 ./BSP/bsp_bcc.o
 .bss.txByteCount
                0x00000000        0x4 ./BSP/bsp_bcc.o
 .text.BSP_BccDeInit
                0x00000000       0x40 ./BSP/bsp_bcc.o
 .rodata        0x00000000       0x18 ./BSP/bsp_bcc.o
 .text.BSP_BccInit
                0x00000000       0x74 ./BSP/bsp_bcc.o
 .text.BSP_BccPacketReceive
                0x00000000       0xac ./BSP/bsp_bcc.o
 .text.BSP_BccPacketSend
                0x00000000       0x68 ./BSP/bsp_bcc.o
 .text.BSP_BccPinsEnable
                0x00000000       0x80 ./BSP/bsp_bcc.o
 .text.RxByte   0x00000000       0x3c ./BSP/bsp_bcc.o
 .text.TxByte   0x00000000       0x3c ./BSP/bsp_bcc.o
 .debug_info    0x00000000      0x832 ./BSP/bsp_bcc.o
 .debug_abbrev  0x00000000      0x1c4 ./BSP/bsp_bcc.o
 .debug_loc     0x00000000      0x224 ./BSP/bsp_bcc.o
 .debug_aranges
                0x00000000       0x50 ./BSP/bsp_bcc.o
 .debug_ranges  0x00000000       0x40 ./BSP/bsp_bcc.o
 .debug_line    0x00000000      0x3e1 ./BSP/bsp_bcc.o
 .debug_str     0x00000000      0xaad ./BSP/bsp_bcc.o
 .comment       0x00000000       0x71 ./BSP/bsp_bcc.o
 .debug_frame   0x00000000      0x114 ./BSP/bsp_bcc.o
 .ARM.attributes
                0x00000000       0x37 ./BSP/bsp_bcc.o
 .text          0x00000000        0x0 ./BSP/bsp_stk.o
 .data          0x00000000        0x0 ./BSP/bsp_stk.o
 .bss           0x00000000        0x0 ./BSP/bsp_stk.o
 .text.BSP_Disable
                0x00000000       0x14 ./BSP/bsp_stk.o
 .rodata        0x00000000       0x50 ./BSP/bsp_stk.o
 .text.BSP_EbiInit
                0x00000000      0x118 ./BSP/bsp_stk.o
 .text.BSP_EbiDeInit
                0x00000000       0x10 ./BSP/bsp_stk.o
 .text.BSP_IOExpGetDeviceId
                0x00000000       0x10 ./BSP/bsp_stk.o
 .text.BSP_Init
                0x00000000       0x20 ./BSP/bsp_stk.o
 .text.BSP_PeripheralAccess
                0x00000000       0x20 ./BSP/bsp_stk.o
 .text.BSP_CurrentGet
                0x00000000       0x44 ./BSP/bsp_stk.o
 .text.BSP_VoltageGet
                0x00000000       0x44 ./BSP/bsp_stk.o
 .debug_info    0x00000000      0xab6 ./BSP/bsp_stk.o
 .debug_abbrev  0x00000000      0x1ac ./BSP/bsp_stk.o
 .debug_loc     0x00000000      0x256 ./BSP/bsp_stk.o
 .debug_aranges
                0x00000000       0x58 ./BSP/bsp_stk.o
 .debug_ranges  0x00000000       0x48 ./BSP/bsp_stk.o
 .debug_line    0x00000000      0x3bb ./BSP/bsp_stk.o
 .debug_str     0x00000000      0xc5d ./BSP/bsp_stk.o
 .comment       0x00000000       0x71 ./BSP/bsp_stk.o
 .debug_frame   0x00000000      0x124 ./BSP/bsp_stk.o
 .ARM.attributes
                0x00000000       0x37 ./BSP/bsp_stk.o
 .text          0x00000000        0x0 ./BSP/bsp_stk_leds.o
 .data          0x00000000        0x0 ./BSP/bsp_stk_leds.o
 .bss           0x00000000        0x0 ./BSP/bsp_stk_leds.o
 .text.BUS_RegBitRead
                0x00000000       0x2c ./BSP/bsp_stk_leds.o
 .text.GPIO_PinOutClear
                0x00000000       0x58 ./BSP/bsp_stk_leds.o
 .text.GPIO_PinOutGet
                0x00000000       0x54 ./BSP/bsp_stk_leds.o
 .text.GPIO_PinOutToggle
                0x00000000       0x58 ./BSP/bsp_stk_leds.o
 .text.BSP_LedsGet
                0x00000000       0x5c ./BSP/bsp_stk_leds.o
 .text.BSP_LedsSet
                0x00000000       0x74 ./BSP/bsp_stk_leds.o
 .text.BSP_LedClear
                0x00000000       0x44 ./BSP/bsp_stk_leds.o
 .text.BSP_LedGet
                0x00000000       0x48 ./BSP/bsp_stk_leds.o
 .text.BSP_LedToggle
                0x00000000       0x44 ./BSP/bsp_stk_leds.o
 .text          0x00000000        0x0 ./BSP/bsp_trace.o
 .data          0x00000000        0x0 ./BSP/bsp_trace.o
 .bss           0x00000000        0x0 ./BSP/bsp_trace.o
 .data          0x00000000        0x0 ./CMSIS/EFM32WG/startup_efm32wg.o
 .bss           0x00000000        0x0 ./CMSIS/EFM32WG/startup_efm32wg.o
 .text          0x00000000        0x0 ./CMSIS/EFM32WG/system_efm32wg.o
 .data          0x00000000        0x0 ./CMSIS/EFM32WG/system_efm32wg.o
 .bss           0x00000000        0x0 ./CMSIS/EFM32WG/system_efm32wg.o
 .text.SystemMaxCoreClockGet
                0x00000000       0x14 ./CMSIS/EFM32WG/system_efm32wg.o
 .text.SystemHFXOClockGet
                0x00000000       0x18 ./CMSIS/EFM32WG/system_efm32wg.o
 .text.SystemHFXOClockSet
                0x00000000       0x2c ./CMSIS/EFM32WG/system_efm32wg.o
 .text.SystemLFXOClockSet
                0x00000000       0x2c ./CMSIS/EFM32WG/system_efm32wg.o
 .text          0x00000000        0x0 ./emlib/em_assert.o
 .data          0x00000000        0x0 ./emlib/em_assert.o
 .bss           0x00000000        0x0 ./emlib/em_assert.o
 .debug_line    0x00000000        0x0 ./emlib/em_assert.o
 .debug_str     0x00000000      0x15c ./emlib/em_assert.o
 .comment       0x00000000       0x71 ./emlib/em_assert.o
 .ARM.attributes
                0x00000000       0x37 ./emlib/em_assert.o
 .text          0x00000000        0x0 ./emlib/em_cmu.o
 .data          0x00000000        0x0 ./emlib/em_cmu.o
 .bss           0x00000000        0x0 ./emlib/em_cmu.o
 .text.BUS_RegMaskedWrite
                0x00000000       0x28 ./emlib/em_cmu.o
 .text.CMU_DivToLog2
                0x00000000       0x34 ./emlib/em_cmu.o
 .text.CMU_Log2ToDiv
                0x00000000       0x1c ./emlib/em_cmu.o
 .text.flashWaitStateControl
                0x00000000       0xb8 ./emlib/em_cmu.o
 .text.flashWaitStateMax
                0x00000000       0x14 ./emlib/em_cmu.o
 .text.CMU_AUXHFRCOBandGet
                0x00000000       0x20 ./emlib/em_cmu.o
 .text.CMU_AUXHFRCOBandSet
                0x00000000       0xb0 ./emlib/em_cmu.o
 .text.CMU_Calibrate
                0x00000000       0x88 ./emlib/em_cmu.o
 .text.CMU_CalibrateConfig
                0x00000000       0xd8 ./emlib/em_cmu.o
 .text.CMU_CalibrateCountGet
                0x00000000       0x38 ./emlib/em_cmu.o
 .text.CMU_ClockDivGet
                0x00000000      0x13c ./emlib/em_cmu.o
 .text.CMU_ClockDivSet
                0x00000000      0x1e0 ./emlib/em_cmu.o
 .text.CMU_ClockSelectSet
                0x00000000      0x294 ./emlib/em_cmu.o
 .text.CMU_FreezeEnable
                0x00000000       0x38 ./emlib/em_cmu.o
 .text.CMU_HFRCOBandGet
                0x00000000       0x20 ./emlib/em_cmu.o
 .text.CMU_HFRCOBandSet
                0x00000000       0xe4 ./emlib/em_cmu.o
 .text.CMU_HFRCOStartupDelayGet
                0x00000000       0x1c ./emlib/em_cmu.o
 .text.CMU_HFRCOStartupDelaySet
                0x00000000       0x30 ./emlib/em_cmu.o
 .text.CMU_HFXOInit
                0x00000000       0x54 ./emlib/em_cmu.o
 .text.CMU_LCDClkFDIVGet
                0x00000000       0x10 ./emlib/em_cmu.o
 .text.CMU_LCDClkFDIVSet
                0x00000000       0x14 ./emlib/em_cmu.o
 .text.CMU_LFXOInit
                0x00000000       0x58 ./emlib/em_cmu.o
 .text.CMU_OscillatorEnable
                0x00000000       0xbc ./emlib/em_cmu.o
 .text.CMU_OscillatorTuningGet
                0x00000000       0x50 ./emlib/em_cmu.o
 .text.CMU_OscillatorTuningSet
                0x00000000       0x74 ./emlib/em_cmu.o
 .text.CMU_PCNTClockExternalGet
                0x00000000       0x60 ./emlib/em_cmu.o
 .text.CMU_PCNTClockExternalSet
                0x00000000       0x34 ./emlib/em_cmu.o
 .text          0x00000000        0x0 ./emlib/em_ebi.o
 .data          0x00000000        0x0 ./emlib/em_ebi.o
 .bss           0x00000000        0x0 ./emlib/em_ebi.o
 .text.EBI_TFTFrameBaseSet
                0x00000000       0x1c ./emlib/em_ebi.o
 .text.BUS_RegBitWrite
                0x00000000       0x2c ./emlib/em_ebi.o
 .text.EBI_Init
                0x00000000      0x37c ./emlib/em_ebi.o
 .text.EBI_Disable
                0x00000000       0x1c ./emlib/em_ebi.o
 .text.EBI_BankEnable
                0x00000000       0x70 ./emlib/em_ebi.o
 .text.EBI_BankAddress
                0x00000000       0xec ./emlib/em_ebi.o
 .text.EBI_ChipSelectEnable
                0x00000000       0x70 ./emlib/em_ebi.o
 .text.EBI_PolaritySet
                0x00000000       0xf4 ./emlib/em_ebi.o
 .text.EBI_ReadTimingSet
                0x00000000       0x40 ./emlib/em_ebi.o
 .text.EBI_WriteTimingSet
                0x00000000       0x40 ./emlib/em_ebi.o
 .text.EBI_AddressTimingSet
                0x00000000       0x38 ./emlib/em_ebi.o
 .text.EBI_TFTInit
                0x00000000      0x100 ./emlib/em_ebi.o
 .text.EBI_TFTSizeSet
                0x00000000       0x28 ./emlib/em_ebi.o
 .text.EBI_TFTHPorchSet
                0x00000000       0x30 ./emlib/em_ebi.o
 .text.EBI_TFTVPorchSet
                0x00000000       0x30 ./emlib/em_ebi.o
 .text.EBI_TFTTimingSet
                0x00000000       0x34 ./emlib/em_ebi.o
 .text.EBI_BankReadTimingConfig
                0x00000000       0xe8 ./emlib/em_ebi.o
 .text.EBI_BankReadTimingSet
                0x00000000       0xa4 ./emlib/em_ebi.o
 .text.EBI_BankWriteTimingConfig
                0x00000000       0xb0 ./emlib/em_ebi.o
 .text.EBI_BankWriteTimingSet
                0x00000000       0xa4 ./emlib/em_ebi.o
 .text.EBI_BankAddressTimingConfig
                0x00000000       0x7c ./emlib/em_ebi.o
 .text.EBI_BankAddressTimingSet
                0x00000000       0x9c ./emlib/em_ebi.o
 .text.EBI_BankPolaritySet
                0x00000000      0x164 ./emlib/em_ebi.o
 .text.EBI_BankByteLaneEnable
                0x00000000       0x70 ./emlib/em_ebi.o
 .text.EBI_AltMapEnable
                0x00000000       0x20 ./emlib/em_ebi.o
 .debug_info    0x00000000     0x10b7 ./emlib/em_ebi.o
 .debug_abbrev  0x00000000      0x1e2 ./emlib/em_ebi.o
 .debug_loc     0x00000000      0x860 ./emlib/em_ebi.o
 .debug_aranges
                0x00000000       0xe0 ./emlib/em_ebi.o
 .debug_ranges  0x00000000       0xd0 ./emlib/em_ebi.o
 .debug_line    0x00000000      0x645 ./emlib/em_ebi.o
 .debug_str     0x00000000      0xe1c ./emlib/em_ebi.o
 .comment       0x00000000       0x71 ./emlib/em_ebi.o
 .debug_frame   0x00000000      0x3c8 ./emlib/em_ebi.o
 .ARM.attributes
                0x00000000       0x37 ./emlib/em_ebi.o
 .text          0x00000000        0x0 ./emlib/em_emu.o
 .data          0x00000000        0x0 ./emlib/em_emu.o
 .bss           0x00000000        0x0 ./emlib/em_emu.o
 .text.SystemCoreClockUpdate
                0x00000000        0xc ./emlib/em_emu.o
 .text.BUS_RegBitWrite
                0x00000000       0x2c ./emlib/em_emu.o
 .text.EMU_BUPinEnable
                0x00000000       0x20 ./emlib/em_emu.o
 .text.EMU_Unlock
                0x00000000       0x18 ./emlib/em_emu.o
 .text.CMU_Lock
                0x00000000       0x18 ./emlib/em_emu.o
 .text.CMU_Unlock
                0x00000000       0x1c ./emlib/em_emu.o
 .text.emState  0x00000000       0xd0 ./emlib/em_emu.o
 .text.getErrataFixEmuE107En
                0x00000000       0x58 ./emlib/em_emu.o
 .text.EMU_EnterEM2
                0x00000000       0x88 ./emlib/em_emu.o
 .text.EMU_EnterEM3
                0x00000000       0xac ./emlib/em_emu.o
 .text.EMU_Restore
                0x00000000        0xc ./emlib/em_emu.o
 .text.EMU_EnterEM4
                0x00000000       0x50 ./emlib/em_emu.o
 .text.EMU_MemPwrDown
                0x00000000       0x14 ./emlib/em_emu.o
 .text.EMU_RamPowerDown
                0x00000000       0x28 ./emlib/em_emu.o
 .text.EMU_UpdateOscConfig
                0x00000000        0xc ./emlib/em_emu.o
 .text.EMU_EM23Init
                0x00000000       0x34 ./emlib/em_emu.o
 .text.EMU_EM4Init
                0x00000000       0x50 ./emlib/em_emu.o
 .text.EMU_BUPDInit
                0x00000000       0xd4 ./emlib/em_emu.o
 .text.EMU_BUThresholdSet
                0x00000000       0x4c ./emlib/em_emu.o
 .text.EMU_BUThresRangeSet
                0x00000000       0x50 ./emlib/em_emu.o
 .bss.cmuStatus.5802
                0x00000000        0x4 ./emlib/em_emu.o
 .bss.hfClock.5803
                0x00000000        0x1 ./emlib/em_emu.o
 .debug_info    0x00000000     0x101c ./emlib/em_emu.o
 .debug_abbrev  0x00000000      0x26e ./emlib/em_emu.o
 .debug_loc     0x00000000      0x610 ./emlib/em_emu.o
 .debug_aranges
                0x00000000       0xb8 ./emlib/em_emu.o
 .debug_ranges  0x00000000       0xa8 ./emlib/em_emu.o
 .debug_line    0x00000000      0x58c ./emlib/em_emu.o
 .debug_str     0x00000000      0xbce ./emlib/em_emu.o
 .comment       0x00000000       0x71 ./emlib/em_emu.o
 .debug_frame   0x00000000      0x2dc ./emlib/em_emu.o
 .ARM.attributes
                0x00000000       0x37 ./emlib/em_emu.o
 .text          0x00000000        0x0 ./emlib/em_gpio.o
 .data          0x00000000        0x0 ./emlib/em_gpio.o
 .bss           0x00000000        0x0 ./emlib/em_gpio.o
 .text.BUS_RegBitWrite
                0x00000000       0x2c ./emlib/em_gpio.o
 .text.BUS_RegMaskedWrite
                0x00000000       0x28 ./emlib/em_gpio.o
 .text.GPIO_EM4SetPinRetention
                0x00000000       0x40 ./emlib/em_gpio.o
 .text.GPIO_DbgLocationSet
                0x00000000       0x2c ./emlib/em_gpio.o
 .text.GPIO_DriveModeSet
                0x00000000       0x70 ./emlib/em_gpio.o
 .text.GPIO_ExtIntConfig
                0x00000000       0xd4 ./emlib/em_gpio.o
 .text.GPIO_PinModeGet
                0x00000000       0x8c ./emlib/em_gpio.o
 .text.GPIO_EM4EnablePinWakeup
                0x00000000       0x58 ./emlib/em_gpio.o
 .text          0x00000000        0x0 ./emlib/em_lcd.o
 .data          0x00000000        0x0 ./emlib/em_lcd.o
 .bss           0x00000000        0x0 ./emlib/em_lcd.o
 .debug_info    0x00000000       0x90 ./emlib/em_lcd.o
 .debug_abbrev  0x00000000       0x49 ./emlib/em_lcd.o
 .debug_aranges
                0x00000000       0x18 ./emlib/em_lcd.o
 .debug_line    0x00000000      0x178 ./emlib/em_lcd.o
 .debug_str     0x00000000      0x205 ./emlib/em_lcd.o
 .comment       0x00000000       0x71 ./emlib/em_lcd.o
 .ARM.attributes
                0x00000000       0x37 ./emlib/em_lcd.o
 .text          0x00000000        0x0 ./emlib/em_system.o
 .data          0x00000000        0x0 ./emlib/em_system.o
 .bss           0x00000000        0x0 ./emlib/em_system.o
 .debug_line    0x00000000        0x0 ./emlib/em_system.o
 .debug_str     0x00000000      0x15c ./emlib/em_system.o
 .comment       0x00000000       0x71 ./emlib/em_system.o
 .ARM.attributes
                0x00000000       0x37 ./emlib/em_system.o
 .text          0x00000000        0x0 ./emlib/em_usart.o
 .data          0x00000000        0x0 ./emlib/em_usart.o
 .bss           0x00000000        0x0 ./emlib/em_usart.o
 .text.BUS_RegMaskedWrite
                0x00000000       0x28 ./emlib/em_usart.o
 .text.USART_BaudrateAsyncSet
                0x00000000       0xb0 ./emlib/em_usart.o
 .text.USART_BaudrateCalc
                0x00000000      0x124 ./emlib/em_usart.o
 .text.USART_BaudrateGet
                0x00000000       0x50 ./emlib/em_usart.o
 .text.USART_BaudrateSyncSet
                0x00000000       0x54 ./emlib/em_usart.o
 .text.USART_Enable
                0x00000000       0x70 ./emlib/em_usart.o
 .text.USART_InitAsync
                0x00000000       0xb4 ./emlib/em_usart.o
 .text.USART_InitSync
                0x00000000       0xcc ./emlib/em_usart.o
 .text.USARTn_InitIrDA
                0x00000000       0x70 ./emlib/em_usart.o
 .text.USART_InitI2s
                0x00000000       0x94 ./emlib/em_usart.o
 .text.USART_InitPrsTrigger
                0x00000000       0x60 ./emlib/em_usart.o
 .text.USART_Reset
                0x00000000       0xb0 ./emlib/em_usart.o
 .text.USART_Rx
                0x00000000       0x28 ./emlib/em_usart.o
 .text.USART_RxDouble
                0x00000000       0x28 ./emlib/em_usart.o
 .text.USART_RxDoubleExt
                0x00000000       0x28 ./emlib/em_usart.o
 .text.USART_RxExt
                0x00000000       0x28 ./emlib/em_usart.o
 .text.USART_SpiTransfer
                0x00000000       0x40 ./emlib/em_usart.o
 .text.USART_Tx
                0x00000000       0x2c ./emlib/em_usart.o
 .text.USART_TxDouble
                0x00000000       0x2c ./emlib/em_usart.o
 .text.USART_TxDoubleExt
                0x00000000       0x28 ./emlib/em_usart.o
 .text.USART_TxExt
                0x00000000       0x2c ./emlib/em_usart.o
 .debug_info    0x00000000      0xef9 ./emlib/em_usart.o
 .debug_abbrev  0x00000000      0x1dd ./emlib/em_usart.o
 .debug_loc     0x00000000      0x72e ./emlib/em_usart.o
 .debug_aranges
                0x00000000       0xc0 ./emlib/em_usart.o
 .debug_ranges  0x00000000       0xb0 ./emlib/em_usart.o
 .debug_line    0x00000000      0x65b ./emlib/em_usart.o
 .debug_str     0x00000000      0xe27 ./emlib/em_usart.o
 .comment       0x00000000       0x71 ./emlib/em_usart.o
 .debug_frame   0x00000000      0x338 ./emlib/em_usart.o
 .ARM.attributes
                0x00000000       0x37 ./emlib/em_usart.o
 .text          0x00000000        0x0 ./src/main.o
 .data          0x00000000        0x0 ./src/main.o
 .bss           0x00000000        0x0 ./src/main.o
 .text          0x00000000       0x30 c:/siliconlabs/simplicitystudio/v4/developer/toolchains/gnu_arm/4.9_2015q3/bin/../lib/gcc/arm-none-eabi/4.9.3/armv7e-m/softfp\libgcc.a(_aeabi_uldivmod.o)
 .data          0x00000000        0x0 c:/siliconlabs/simplicitystudio/v4/developer/toolchains/gnu_arm/4.9_2015q3/bin/../lib/gcc/arm-none-eabi/4.9.3/armv7e-m/softfp\libgcc.a(_aeabi_uldivmod.o)
 .bss           0x00000000        0x0 c:/siliconlabs/simplicitystudio/v4/developer/toolchains/gnu_arm/4.9_2015q3/bin/../lib/gcc/arm-none-eabi/4.9.3/armv7e-m/softfp\libgcc.a(_aeabi_uldivmod.o)
 .debug_frame   0x00000000       0x28 c:/siliconlabs/simplicitystudio/v4/developer/toolchains/gnu_arm/4.9_2015q3/bin/../lib/gcc/arm-none-eabi/4.9.3/armv7e-m/softfp\libgcc.a(_aeabi_uldivmod.o)
 .ARM.attributes
                0x00000000       0x22 c:/siliconlabs/simplicitystudio/v4/developer/toolchains/gnu_arm/4.9_2015q3/bin/../lib/gcc/arm-none-eabi/4.9.3/armv7e-m/softfp\libgcc.a(_aeabi_uldivmod.o)
 .text          0x00000000       0x60 c:/siliconlabs/simplicitystudio/v4/developer/toolchains/gnu_arm/4.9_2015q3/bin/../lib/gcc/arm-none-eabi/4.9.3/armv7e-m/softfp\libgcc.a(bpabi.o)
 .data          0x00000000        0x0 c:/siliconlabs/simplicitystudio/v4/developer/toolchains/gnu_arm/4.9_2015q3/bin/../lib/gcc/arm-none-eabi/4.9.3/armv7e-m/softfp\libgcc.a(bpabi.o)
 .bss           0x00000000        0x0 c:/siliconlabs/simplicitystudio/v4/developer/toolchains/gnu_arm/4.9_2015q3/bin/../lib/gcc/arm-none-eabi/4.9.3/armv7e-m/softfp\libgcc.a(bpabi.o)
 .debug_frame   0x00000000       0x50 c:/siliconlabs/simplicitystudio/v4/developer/toolchains/gnu_arm/4.9_2015q3/bin/../lib/gcc/arm-none-eabi/4.9.3/armv7e-m/softfp\libgcc.a(bpabi.o)
 .ARM.attributes
                0x00000000       0x32 c:/siliconlabs/simplicitystudio/v4/developer/toolchains/gnu_arm/4.9_2015q3/bin/../lib/gcc/arm-none-eabi/4.9.3/armv7e-m/softfp\libgcc.a(bpabi.o)
 .text          0x00000000        0x4 c:/siliconlabs/simplicitystudio/v4/developer/toolchains/gnu_arm/4.9_2015q3/bin/../lib/gcc/arm-none-eabi/4.9.3/armv7e-m/softfp\libgcc.a(_dvmd_tls.o)
 .data          0x00000000        0x0 c:/siliconlabs/simplicitystudio/v4/developer/toolchains/gnu_arm/4.9_2015q3/bin/../lib/gcc/arm-none-eabi/4.9.3/armv7e-m/softfp\libgcc.a(_dvmd_tls.o)
 .bss           0x00000000        0x0 c:/siliconlabs/simplicitystudio/v4/developer/toolchains/gnu_arm/4.9_2015q3/bin/../lib/gcc/arm-none-eabi/4.9.3/armv7e-m/softfp\libgcc.a(_dvmd_tls.o)
 .ARM.attributes
                0x00000000       0x22 c:/siliconlabs/simplicitystudio/v4/developer/toolchains/gnu_arm/4.9_2015q3/bin/../lib/gcc/arm-none-eabi/4.9.3/armv7e-m/softfp\libgcc.a(_dvmd_tls.o)
 .text          0x00000000      0x29c c:/siliconlabs/simplicitystudio/v4/developer/toolchains/gnu_arm/4.9_2015q3/bin/../lib/gcc/arm-none-eabi/4.9.3/armv7e-m/softfp\libgcc.a(_divdi3.o)
 .data          0x00000000        0x0 c:/siliconlabs/simplicitystudio/v4/developer/toolchains/gnu_arm/4.9_2015q3/bin/../lib/gcc/arm-none-eabi/4.9.3/armv7e-m/softfp\libgcc.a(_divdi3.o)
 .bss           0x00000000        0x0 c:/siliconlabs/simplicitystudio/v4/developer/toolchains/gnu_arm/4.9_2015q3/bin/../lib/gcc/arm-none-eabi/4.9.3/armv7e-m/softfp\libgcc.a(_divdi3.o)
 .ARM.extab     0x00000000        0x0 c:/siliconlabs/simplicitystudio/v4/developer/toolchains/gnu_arm/4.9_2015q3/bin/../lib/gcc/arm-none-eabi/4.9.3/armv7e-m/softfp\libgcc.a(_divdi3.o)
 .ARM.exidx     0x00000000        0x8 c:/siliconlabs/simplicitystudio/v4/developer/toolchains/gnu_arm/4.9_2015q3/bin/../lib/gcc/arm-none-eabi/4.9.3/armv7e-m/softfp\libgcc.a(_divdi3.o)
 .debug_frame   0x00000000       0x34 c:/siliconlabs/simplicitystudio/v4/developer/toolchains/gnu_arm/4.9_2015q3/bin/../lib/gcc/arm-none-eabi/4.9.3/armv7e-m/softfp\libgcc.a(_divdi3.o)
 .ARM.attributes
                0x00000000       0x32 c:/siliconlabs/simplicitystudio/v4/developer/toolchains/gnu_arm/4.9_2015q3/bin/../lib/gcc/arm-none-eabi/4.9.3/armv7e-m/softfp\libgcc.a(_divdi3.o)
 .text          0x00000000      0x26c c:/siliconlabs/simplicitystudio/v4/developer/toolchains/gnu_arm/4.9_2015q3/bin/../lib/gcc/arm-none-eabi/4.9.3/armv7e-m/softfp\libgcc.a(_udivdi3.o)
 .data          0x00000000        0x0 c:/siliconlabs/simplicitystudio/v4/developer/toolchains/gnu_arm/4.9_2015q3/bin/../lib/gcc/arm-none-eabi/4.9.3/armv7e-m/softfp\libgcc.a(_udivdi3.o)
 .bss           0x00000000        0x0 c:/siliconlabs/simplicitystudio/v4/developer/toolchains/gnu_arm/4.9_2015q3/bin/../lib/gcc/arm-none-eabi/4.9.3/armv7e-m/softfp\libgcc.a(_udivdi3.o)
 .ARM.extab     0x00000000        0x0 c:/siliconlabs/simplicitystudio/v4/developer/toolchains/gnu_arm/4.9_2015q3/bin/../lib/gcc/arm-none-eabi/4.9.3/armv7e-m/softfp\libgcc.a(_udivdi3.o)
 .ARM.exidx     0x00000000        0x8 c:/siliconlabs/simplicitystudio/v4/developer/toolchains/gnu_arm/4.9_2015q3/bin/../lib/gcc/arm-none-eabi/4.9.3/armv7e-m/softfp\libgcc.a(_udivdi3.o)
 .debug_frame   0x00000000       0x30 c:/siliconlabs/simplicitystudio/v4/developer/toolchains/gnu_arm/4.9_2015q3/bin/../lib/gcc/arm-none-eabi/4.9.3/armv7e-m/softfp\libgcc.a(_udivdi3.o)
 .ARM.attributes
                0x00000000       0x32 c:/siliconlabs/simplicitystudio/v4/developer/toolchains/gnu_arm/4.9_2015q3/bin/../lib/gcc/arm-none-eabi/4.9.3/armv7e-m/softfp\libgcc.a(_udivdi3.o)
 .text          0x00000000        0x0 c:/siliconlabs/simplicitystudio/v4/developer/toolchains/gnu_arm/4.9_2015q3/bin/../lib/gcc/arm-none-eabi/4.9.3/../../../../arm-none-eabi/lib/armv7e-m/softfp\libc_nano.a(lib_a-exit.o)
 .data          0x00000000        0x0 c:/siliconlabs/simplicitystudio/v4/developer/toolchains/gnu_arm/4.9_2015q3/bin/../lib/gcc/arm-none-eabi/4.9.3/../../../../arm-none-eabi/lib/armv7e-m/softfp\libc_nano.a(lib_a-exit.o)
 .bss           0x00000000        0x0 c:/siliconlabs/simplicitystudio/v4/developer/toolchains/gnu_arm/4.9_2015q3/bin/../lib/gcc/arm-none-eabi/4.9.3/../../../../arm-none-eabi/lib/armv7e-m/softfp\libc_nano.a(lib_a-exit.o)
 .text          0x00000000        0x0 c:/siliconlabs/simplicitystudio/v4/developer/toolchains/gnu_arm/4.9_2015q3/bin/../lib/gcc/arm-none-eabi/4.9.3/../../../../arm-none-eabi/lib/armv7e-m/softfp\libc_nano.a(lib_a-impure.o)
 .data          0x00000000        0x0 c:/siliconlabs/simplicitystudio/v4/developer/toolchains/gnu_arm/4.9_2015q3/bin/../lib/gcc/arm-none-eabi/4.9.3/../../../../arm-none-eabi/lib/armv7e-m/softfp\libc_nano.a(lib_a-impure.o)
 .bss           0x00000000        0x0 c:/siliconlabs/simplicitystudio/v4/developer/toolchains/gnu_arm/4.9_2015q3/bin/../lib/gcc/arm-none-eabi/4.9.3/../../../../arm-none-eabi/lib/armv7e-m/softfp\libc_nano.a(lib_a-impure.o)
 .data._impure_ptr
                0x00000000        0x4 c:/siliconlabs/simplicitystudio/v4/developer/toolchains/gnu_arm/4.9_2015q3/bin/../lib/gcc/arm-none-eabi/4.9.3/../../../../arm-none-eabi/lib/armv7e-m/softfp\libc_nano.a(lib_a-impure.o)
 .text          0x00000000        0x0 c:/siliconlabs/simplicitystudio/v4/developer/toolchains/gnu_arm/4.9_2015q3/bin/../lib/gcc/arm-none-eabi/4.9.3/../../../../arm-none-eabi/lib/armv7e-m/softfp\libc_nano.a(lib_a-init.o)
 .data          0x00000000        0x0 c:/siliconlabs/simplicitystudio/v4/developer/toolchains/gnu_arm/4.9_2015q3/bin/../lib/gcc/arm-none-eabi/4.9.3/../../../../arm-none-eabi/lib/armv7e-m/softfp\libc_nano.a(lib_a-init.o)
 .bss           0x00000000        0x0 c:/siliconlabs/simplicitystudio/v4/developer/toolchains/gnu_arm/4.9_2015q3/bin/../lib/gcc/arm-none-eabi/4.9.3/../../../../arm-none-eabi/lib/armv7e-m/softfp\libc_nano.a(lib_a-init.o)
 .text          0x00000000        0x0 c:/siliconlabs/simplicitystudio/v4/developer/toolchains/gnu_arm/4.9_2015q3/bin/../lib/gcc/arm-none-eabi/4.9.3/../../../../arm-none-eabi/lib/armv7e-m/softfp\libc_nano.a(lib_a-memcpy.o)
 .data          0x00000000        0x0 c:/siliconlabs/simplicitystudio/v4/developer/toolchains/gnu_arm/4.9_2015q3/bin/../lib/gcc/arm-none-eabi/4.9.3/../../../../arm-none-eabi/lib/armv7e-m/softfp\libc_nano.a(lib_a-memcpy.o)
 .bss           0x00000000        0x0 c:/siliconlabs/simplicitystudio/v4/developer/toolchains/gnu_arm/4.9_2015q3/bin/../lib/gcc/arm-none-eabi/4.9.3/../../../../arm-none-eabi/lib/armv7e-m/softfp\libc_nano.a(lib_a-memcpy.o)
 .text.memcpy   0x00000000       0x16 c:/siliconlabs/simplicitystudio/v4/developer/toolchains/gnu_arm/4.9_2015q3/bin/../lib/gcc/arm-none-eabi/4.9.3/../../../../arm-none-eabi/lib/armv7e-m/softfp\libc_nano.a(lib_a-memcpy.o)
 .debug_frame   0x00000000       0x28 c:/siliconlabs/simplicitystudio/v4/developer/toolchains/gnu_arm/4.9_2015q3/bin/../lib/gcc/arm-none-eabi/4.9.3/../../../../arm-none-eabi/lib/armv7e-m/softfp\libc_nano.a(lib_a-memcpy.o)
 .ARM.attributes
                0x00000000       0x32 c:/siliconlabs/simplicitystudio/v4/developer/toolchains/gnu_arm/4.9_2015q3/bin/../lib/gcc/arm-none-eabi/4.9.3/../../../../arm-none-eabi/lib/armv7e-m/softfp\libc_nano.a(lib_a-memcpy.o)
 .text          0x00000000        0x0 c:/siliconlabs/simplicitystudio/v4/developer/toolchains/gnu_arm/4.9_2015q3/bin/../lib/gcc/arm-none-eabi/4.9.3/../../../../arm-none-eabi/lib/armv7e-m/softfp\libc_nano.a(lib_a-memset.o)
 .data          0x00000000        0x0 c:/siliconlabs/simplicitystudio/v4/developer/toolchains/gnu_arm/4.9_2015q3/bin/../lib/gcc/arm-none-eabi/4.9.3/../../../../arm-none-eabi/lib/armv7e-m/softfp\libc_nano.a(lib_a-memset.o)
 .bss           0x00000000        0x0 c:/siliconlabs/simplicitystudio/v4/developer/toolchains/gnu_arm/4.9_2015q3/bin/../lib/gcc/arm-none-eabi/4.9.3/../../../../arm-none-eabi/lib/armv7e-m/softfp\libc_nano.a(lib_a-memset.o)
 .text          0x00000000        0x0 c:/siliconlabs/simplicitystudio/v4/developer/toolchains/gnu_arm/4.9_2015q3/bin/../lib/gcc/arm-none-eabi/4.9.3/../../../../arm-none-eabi/lib/armv7e-m/softfp\libnosys.a(_exit.o)
 .data          0x00000000        0x0 c:/siliconlabs/simplicitystudio/v4/developer/toolchains/gnu_arm/4.9_2015q3/bin/../lib/gcc/arm-none-eabi/4.9.3/../../../../arm-none-eabi/lib/armv7e-m/softfp\libnosys.a(_exit.o)
 .bss           0x00000000        0x0 c:/siliconlabs/simplicitystudio/v4/developer/toolchains/gnu_arm/4.9_2015q3/bin/../lib/gcc/arm-none-eabi/4.9.3/../../../../arm-none-eabi/lib/armv7e-m/softfp\libnosys.a(_exit.o)
 .text          0x00000000        0x0 c:/siliconlabs/simplicitystudio/v4/developer/toolchains/gnu_arm/4.9_2015q3/bin/../lib/gcc/arm-none-eabi/4.9.3/armv7e-m/softfp/crtend.o
 .data          0x00000000        0x0 c:/siliconlabs/simplicitystudio/v4/developer/toolchains/gnu_arm/4.9_2015q3/bin/../lib/gcc/arm-none-eabi/4.9.3/armv7e-m/softfp/crtend.o
 .bss           0x00000000        0x0 c:/siliconlabs/simplicitystudio/v4/developer/toolchains/gnu_arm/4.9_2015q3/bin/../lib/gcc/arm-none-eabi/4.9.3/armv7e-m/softfp/crtend.o
 .text          0x00000000        0x0 c:/siliconlabs/simplicitystudio/v4/developer/toolchains/gnu_arm/4.9_2015q3/bin/../lib/gcc/arm-none-eabi/4.9.3/armv7e-m/softfp/crtn.o
 .data          0x00000000        0x0 c:/siliconlabs/simplicitystudio/v4/developer/toolchains/gnu_arm/4.9_2015q3/bin/../lib/gcc/arm-none-eabi/4.9.3/armv7e-m/softfp/crtn.o
 .bss           0x00000000        0x0 c:/siliconlabs/simplicitystudio/v4/developer/toolchains/gnu_arm/4.9_2015q3/bin/../lib/gcc/arm-none-eabi/4.9.3/armv7e-m/softfp/crtn.o

Memory Configuration

Name             Origin             Length             Attributes
FLASH            0x00000000         0x00040000         xr
RAM              0x20000000         0x00008000         xrw
*default*        0x00000000         0xffffffff

Linker script and memory map

LOAD c:/siliconlabs/simplicitystudio/v4/developer/toolchains/gnu_arm/4.9_2015q3/bin/../lib/gcc/arm-none-eabi/4.9.3/armv7e-m/softfp/crti.o
LOAD c:/siliconlabs/simplicitystudio/v4/developer/toolchains/gnu_arm/4.9_2015q3/bin/../lib/gcc/arm-none-eabi/4.9.3/armv7e-m/softfp/crtbegin.o
LOAD c:/siliconlabs/simplicitystudio/v4/developer/toolchains/gnu_arm/4.9_2015q3/bin/../lib/gcc/arm-none-eabi/4.9.3/../../../../arm-none-eabi/lib/armv7e-m/softfp/crt0.o
LOAD ./BSP/bsp_bcc.o
LOAD ./BSP/bsp_stk.o
LOAD ./BSP/bsp_stk_leds.o
LOAD ./BSP/bsp_trace.o
LOAD ./CMSIS/EFM32WG/startup_efm32wg.o
LOAD ./CMSIS/EFM32WG/system_efm32wg.o
LOAD ./emlib/em_assert.o
LOAD ./emlib/em_cmu.o
LOAD ./emlib/em_ebi.o
LOAD ./emlib/em_emu.o
LOAD ./emlib/em_gpio.o
LOAD ./emlib/em_lcd.o
LOAD ./emlib/em_system.o
LOAD ./emlib/em_usart.o
LOAD ./src/main.o
START GROUP
LOAD c:/siliconlabs/simplicitystudio/v4/developer/toolchains/gnu_arm/4.9_2015q3/bin/../lib/gcc/arm-none-eabi/4.9.3/armv7e-m/softfp\libgcc.a
LOAD c:/siliconlabs/simplicitystudio/v4/developer/toolchains/gnu_arm/4.9_2015q3/bin/../lib/gcc/arm-none-eabi/4.9.3/../../../../arm-none-eabi/lib/armv7e-m/softfp\libc_nano.a
LOAD c:/siliconlabs/simplicitystudio/v4/developer/toolchains/gnu_arm/4.9_2015q3/bin/../lib/gcc/arm-none-eabi/4.9.3/../../../../arm-none-eabi/lib/armv7e-m/softfp\libnosys.a
END GROUP
START GROUP
LOAD c:/siliconlabs/simplicitystudio/v4/developer/toolchains/gnu_arm/4.9_2015q3/bin/../lib/gcc/arm-none-eabi/4.9.3/armv7e-m/softfp\libgcc.a
LOAD c:/siliconlabs/simplicitystudio/v4/developer/toolchains/gnu_arm/4.9_2015q3/bin/../lib/gcc/arm-none-eabi/4.9.3/../../../../arm-none-eabi/lib/armv7e-m/softfp\libg_nano.a
LOAD c:/siliconlabs/simplicitystudio/v4/developer/toolchains/gnu_arm/4.9_2015q3/bin/../lib/gcc/arm-none-eabi/4.9.3/../../../../arm-none-eabi/lib/armv7e-m/softfp\libc_nano.a
END GROUP
START GROUP
LOAD c:/siliconlabs/simplicitystudio/v4/developer/toolchains/gnu_arm/4.9_2015q3/bin/../lib/gcc/arm-none-eabi/4.9.3/armv7e-m/softfp\libgcc.a
LOAD c:/siliconlabs/simplicitystudio/v4/developer/toolchains/gnu_arm/4.9_2015q3/bin/../lib/gcc/arm-none-eabi/4.9.3/../../../../arm-none-eabi/lib/armv7e-m/softfp\libc_nano.a
END GROUP
LOAD c:/siliconlabs/simplicitystudio/v4/developer/toolchains/gnu_arm/4.9_2015q3/bin/../lib/gcc/arm-none-eabi/4.9.3/armv7e-m/softfp/crtend.o
LOAD c:/siliconlabs/simplicitystudio/v4/developer/toolchains/gnu_arm/4.9_2015q3/bin/../lib/gcc/arm-none-eabi/4.9.3/armv7e-m/softfp/crtn.o

.text           0x00000000     0x1084
 *(.vectors)
 .vectors       0x00000000       0xe0 ./CMSIS/EFM32WG/startup_efm32wg.o
                0x00000000                __Vectors
                0x000000e0                __Vectors_End = .
                0x000000e0                __Vectors_Size = (__Vectors_End - __Vectors)
                0x000000e0                __end__ = .
 *(.text*)
 .text          0x000000e0       0x5c c:/siliconlabs/simplicitystudio/v4/developer/toolchains/gnu_arm/4.9_2015q3/bin/../lib/gcc/arm-none-eabi/4.9.3/armv7e-m/softfp/crtbegin.o
 .text          0x0000013c       0x74 c:/siliconlabs/simplicitystudio/v4/developer/toolchains/gnu_arm/4.9_2015q3/bin/../lib/gcc/arm-none-eabi/4.9.3/../../../../arm-none-eabi/lib/armv7e-m/softfp/crt0.o
                0x0000013c                _start
                0x0000013c                _mainCRTStartup
 .text.GPIO_PinOutSet
                0x000001b0       0x58 ./BSP/bsp_stk_leds.o
 .text.BSP_LedsInit
                0x00000208       0x5c ./BSP/bsp_stk_leds.o
                0x00000208                BSP_LedsInit
 .text.BSP_LedSet
                0x00000264       0x44 ./BSP/bsp_stk_leds.o
                0x00000264                BSP_LedSet
 .text.BSP_TraceSwoSetup
                0x000002a8      0x114 ./BSP/bsp_trace.o
                0x000002a8                BSP_TraceSwoSetup
 .text.BSP_TraceProfilerSetup
                0x000003bc       0x28 ./BSP/bsp_trace.o
                0x000003bc                BSP_TraceProfilerSetup
 .text          0x000003e4       0x30 ./CMSIS/EFM32WG/startup_efm32wg.o
                0x000003e4                Reset_Handler
                0x00000410                DebugMon_Handler
                0x00000410                USART0_TX_IRQHandler
                0x00000410                I2C0_IRQHandler
                0x00000410                HardFault_Handler
                0x00000410                LEUART1_IRQHandler
                0x00000410                USART1_RX_IRQHandler
                0x00000410                PendSV_Handler
                0x00000410                NMI_Handler
                0x00000410                I2C1_IRQHandler
                0x00000410                TIMER3_IRQHandler
                0x00000410                USART1_TX_IRQHandler
                0x00000410                MSC_IRQHandler
                0x00000410                ADC0_IRQHandler
                0x00000410                UsageFault_Handler
                0x00000410                LEUART0_IRQHandler
                0x00000410                FPUEH_IRQHandler
                0x00000410                GPIO_EVEN_IRQHandler
                0x00000410                UART0_TX_IRQHandler
                0x00000410                UART1_TX_IRQHandler
                0x00000410                RTC_IRQHandler
                0x00000410                TIMER0_IRQHandler
                0x00000410                TIMER2_IRQHandler
                0x00000410                LCD_IRQHandler
                0x00000410                PCNT2_IRQHandler
                0x00000410                UART0_RX_IRQHandler
                0x00000410                LETIMER0_IRQHandler
                0x00000410                TIMER1_IRQHandler
                0x00000410                USART2_RX_IRQHandler
                0x00000410                Default_Handler
                0x00000410                EMU_IRQHandler
                0x00000410                PCNT0_IRQHandler
                0x00000410                USB_IRQHandler
                0x00000410                BURTC_IRQHandler
                0x00000410                PCNT1_IRQHandler
                0x00000410                ACMP0_IRQHandler
                0x00000410                USART0_RX_IRQHandler
                0x00000410                MemManage_Handler
                0x00000410                SVC_Handler
                0x00000410                DAC0_IRQHandler
                0x00000410                UART1_RX_IRQHandler
                0x00000410                CMU_IRQHandler
                0x00000410                EBI_IRQHandler
                0x00000410                LESENSE_IRQHandler
                0x00000410                GPIO_ODD_IRQHandler
                0x00000410                AES_IRQHandler
                0x00000410                VCMP_IRQHandler
                0x00000410                DMA_IRQHandler
                0x00000410                BusFault_Handler
                0x00000410                USART2_TX_IRQHandler
 .text.GetProdRev
                0x00000414       0x1c ./CMSIS/EFM32WG/system_efm32wg.o
 .text.SystemCoreClockGet
                0x00000430       0x34 ./CMSIS/EFM32WG/system_efm32wg.o
                0x00000430                SystemCoreClockGet
 .text.SystemHFClockGet
                0x00000464      0x100 ./CMSIS/EFM32WG/system_efm32wg.o
                0x00000464                SystemHFClockGet
 .text.SystemInit
                0x00000564       0x20 ./CMSIS/EFM32WG/system_efm32wg.o
                0x00000564                SystemInit
 .text.SystemLFRCOClockGet
                0x00000584       0x14 ./CMSIS/EFM32WG/system_efm32wg.o
                0x00000584                SystemLFRCOClockGet
 .text.SystemULFRCOClockGet
                0x00000598       0x14 ./CMSIS/EFM32WG/system_efm32wg.o
                0x00000598                SystemULFRCOClockGet
 .text.SystemLFXOClockGet
                0x000005ac       0x18 ./CMSIS/EFM32WG/system_efm32wg.o
                0x000005ac                SystemLFXOClockGet
 .text.BUS_RegBitWrite
                0x000005c4       0x2c ./emlib/em_cmu.o
 .text.BUS_RegBitRead
                0x000005f0       0x2c ./emlib/em_cmu.o
 .text.SYSTEM_GetProdRev
                0x0000061c       0x1c ./emlib/em_cmu.o
 .text.setHfLeConfig
                0x00000638       0x3c ./emlib/em_cmu.o
 .text.getHfLeConfig
                0x00000674       0x2c ./emlib/em_cmu.o
 .text.auxClkGet
                0x000006a0       0xb0 ./emlib/em_cmu.o
 .text.dbgClkGet
                0x00000750       0x40 ./emlib/em_cmu.o
 .text.lfClkGet
                0x00000790       0xec ./emlib/em_cmu.o
 .text.syncReg  0x0000087c       0x34 ./emlib/em_cmu.o
 .text.usbCClkGet
                0x000008b0       0x4c ./emlib/em_cmu.o
 .text.CMU_ClockEnable
                0x000008fc       0xd4 ./emlib/em_cmu.o
                0x000008fc                CMU_ClockEnable
 .text.CMU_ClockFreqGet
                0x000009d0      0x170 ./emlib/em_cmu.o
                0x000009d0                CMU_ClockFreqGet
 .text.CMU_ClockSelectGet
                0x00000b40      0x15c ./emlib/em_cmu.o
                0x00000b40                CMU_ClockSelectGet
 .text.GPIO_PinOutClear
                0x00000c9c       0x58 ./emlib/em_gpio.o
 .text.GPIO_PinOutSet
                0x00000cf4       0x58 ./emlib/em_gpio.o
 .text.GPIO_PinModeSet
                0x00000d4c      0x10c ./emlib/em_gpio.o
                0x00000d4c                GPIO_PinModeSet
 .text.CHIP_Init
                0x00000e58        0xc ./src/main.o
 .text.SysTick_Handler
                0x00000e64       0x1c ./src/main.o
                0x00000e64                SysTick_Handler
 .text.delay    0x00000e80       0x60 ./src/main.o
                0x00000e80                delay
 .text.setLED   0x00000ee0       0x20 ./src/main.o
                0x00000ee0                setLED
 .text.main     0x00000f00       0xc8 ./src/main.o
                0x00000f00                main
 .text.exit     0x00000fc8       0x28 c:/siliconlabs/simplicitystudio/v4/developer/toolchains/gnu_arm/4.9_2015q3/bin/../lib/gcc/arm-none-eabi/4.9.3/../../../../arm-none-eabi/lib/armv7e-m/softfp\libc_nano.a(lib_a-exit.o)
                0x00000fc8                exit
 .text.__libc_init_array
                0x00000ff0       0x4c c:/siliconlabs/simplicitystudio/v4/developer/toolchains/gnu_arm/4.9_2015q3/bin/../lib/gcc/arm-none-eabi/4.9.3/../../../../arm-none-eabi/lib/armv7e-m/softfp\libc_nano.a(lib_a-init.o)
                0x00000ff0                __libc_init_array
 .text.memset   0x0000103c       0x10 c:/siliconlabs/simplicitystudio/v4/developer/toolchains/gnu_arm/4.9_2015q3/bin/../lib/gcc/arm-none-eabi/4.9.3/../../../../arm-none-eabi/lib/armv7e-m/softfp\libc_nano.a(lib_a-memset.o)
                0x0000103c                memset
 .text._exit    0x0000104c        0x4 c:/siliconlabs/simplicitystudio/v4/developer/toolchains/gnu_arm/4.9_2015q3/bin/../lib/gcc/arm-none-eabi/4.9.3/../../../../arm-none-eabi/lib/armv7e-m/softfp\libnosys.a(_exit.o)
                0x0000104c                _exit
 *(.init)
 .init          0x00001050        0x4 c:/siliconlabs/simplicitystudio/v4/developer/toolchains/gnu_arm/4.9_2015q3/bin/../lib/gcc/arm-none-eabi/4.9.3/armv7e-m/softfp/crti.o
                0x00001050                _init
 .init          0x00001054        0x8 c:/siliconlabs/simplicitystudio/v4/developer/toolchains/gnu_arm/4.9_2015q3/bin/../lib/gcc/arm-none-eabi/4.9.3/armv7e-m/softfp/crtn.o
 *(.fini)
 .fini          0x0000105c        0x4 c:/siliconlabs/simplicitystudio/v4/developer/toolchains/gnu_arm/4.9_2015q3/bin/../lib/gcc/arm-none-eabi/4.9.3/armv7e-m/softfp/crti.o
                0x0000105c                _fini
 .fini          0x00001060        0x8 c:/siliconlabs/simplicitystudio/v4/developer/toolchains/gnu_arm/4.9_2015q3/bin/../lib/gcc/arm-none-eabi/4.9.3/armv7e-m/softfp/crtn.o
 *crtbegin.o(.ctors)
 *crtbegin?.o(.ctors)
 *(EXCLUDE_FILE(*crtend.o *crtend?.o) .ctors)
 *(SORT(.ctors.*))
 *(.ctors)
 *crtbegin.o(.dtors)
 *crtbegin?.o(.dtors)
 *(EXCLUDE_FILE(*crtend.o *crtend?.o) .dtors)
 *(SORT(.dtors.*))
 *(.dtors)
 *(.rodata*)
 .rodata.ledArray
                0x00001068       0x10 ./BSP/bsp_stk_leds.o
 .rodata.str1.1
                0x00001078        0x2 c:/siliconlabs/simplicitystudio/v4/developer/toolchains/gnu_arm/4.9_2015q3/bin/../lib/gcc/arm-none-eabi/4.9.3/../../../../arm-none-eabi/lib/armv7e-m/softfp\libc_nano.a(lib_a-impure.o)
 *fill*         0x0000107a        0x2 
 .rodata._global_impure_ptr
                0x0000107c        0x4 c:/siliconlabs/simplicitystudio/v4/developer/toolchains/gnu_arm/4.9_2015q3/bin/../lib/gcc/arm-none-eabi/4.9.3/../../../../arm-none-eabi/lib/armv7e-m/softfp\libc_nano.a(lib_a-impure.o)
                0x0000107c                _global_impure_ptr
 *(.eh_frame*)
 .eh_frame      0x00001080        0x0 c:/siliconlabs/simplicitystudio/v4/developer/toolchains/gnu_arm/4.9_2015q3/bin/../lib/gcc/arm-none-eabi/4.9.3/armv7e-m/softfp/crtbegin.o
 .eh_frame      0x00001080        0x4 c:/siliconlabs/simplicitystudio/v4/developer/toolchains/gnu_arm/4.9_2015q3/bin/../lib/gcc/arm-none-eabi/4.9.3/armv7e-m/softfp/crtend.o

.glue_7         0x00001084        0x0
 .glue_7        0x00000000        0x0 linker stubs

.glue_7t        0x00001084        0x0
 .glue_7t       0x00000000        0x0 linker stubs

.vfp11_veneer   0x00001084        0x0
 .vfp11_veneer  0x00000000        0x0 linker stubs

.v4_bx          0x00001084        0x0
 .v4_bx         0x00000000        0x0 linker stubs

.iplt           0x00001084        0x0
 .iplt          0x00000000        0x0 c:/siliconlabs/simplicitystudio/v4/developer/toolchains/gnu_arm/4.9_2015q3/bin/../lib/gcc/arm-none-eabi/4.9.3/armv7e-m/softfp/crtbegin.o

.ARM.extab
 *(.ARM.extab* .gnu.linkonce.armextab.*)
                0x00001084                __exidx_start = .

.ARM.exidx      0x00001084        0x8
 *(.ARM.exidx* .gnu.linkonce.armexidx.*)
 .ARM.exidx     0x00001084        0x8 c:/siliconlabs/simplicitystudio/v4/developer/toolchains/gnu_arm/4.9_2015q3/bin/../lib/gcc/arm-none-eabi/4.9.3/../../../../arm-none-eabi/lib/armv7e-m/softfp/crt0.o
                0x0000108c                __exidx_end = .
                0x0000108c                __etext = .

.rel.dyn        0x0000108c        0x0
 .rel.iplt      0x00000000        0x0 c:/siliconlabs/simplicitystudio/v4/developer/toolchains/gnu_arm/4.9_2015q3/bin/../lib/gcc/arm-none-eabi/4.9.3/armv7e-m/softfp/crtbegin.o

.data           0x20000000       0x74 load address 0x0000108c
                0x20000000                __data_start__ = .
 *(vtable)
 *(.data*)
 .data.SystemHFXOClock
                0x20000000        0x4 ./CMSIS/EFM32WG/system_efm32wg.o
 .data.SystemLFXOClock
                0x20000004        0x4 ./CMSIS/EFM32WG/system_efm32wg.o
 .data.impure_data
                0x20000008       0x60 c:/siliconlabs/simplicitystudio/v4/developer/toolchains/gnu_arm/4.9_2015q3/bin/../lib/gcc/arm-none-eabi/4.9.3/../../../../arm-none-eabi/lib/armv7e-m/softfp\libc_nano.a(lib_a-impure.o)
                0x20000068                . = ALIGN (0x4)
 *(.ram)
                0x20000068                . = ALIGN (0x4)
                0x20000068                PROVIDE (__preinit_array_start, .)
 *(.preinit_array)
                0x20000068                PROVIDE (__preinit_array_end, .)
                0x20000068                . = ALIGN (0x4)
                0x20000068                PROVIDE (__init_array_start, .)
 *(SORT(.init_array.*))
 *(.init_array)
 .init_array    0x20000068        0x4 c:/siliconlabs/simplicitystudio/v4/developer/toolchains/gnu_arm/4.9_2015q3/bin/../lib/gcc/arm-none-eabi/4.9.3/armv7e-m/softfp/crtbegin.o
                0x2000006c                PROVIDE (__init_array_end, .)
                0x2000006c                . = ALIGN (0x4)
                0x2000006c                PROVIDE (__fini_array_start, .)
 *(SORT(.fini_array.*))
 *(.fini_array)
 .fini_array    0x2000006c        0x4 c:/siliconlabs/simplicitystudio/v4/developer/toolchains/gnu_arm/4.9_2015q3/bin/../lib/gcc/arm-none-eabi/4.9.3/armv7e-m/softfp/crtbegin.o
                0x20000070                PROVIDE (__fini_array_end, .)
 *(.jcr*)
 .jcr           0x20000070        0x0 c:/siliconlabs/simplicitystudio/v4/developer/toolchains/gnu_arm/4.9_2015q3/bin/../lib/gcc/arm-none-eabi/4.9.3/armv7e-m/softfp/crtbegin.o
 .jcr           0x20000070        0x4 c:/siliconlabs/simplicitystudio/v4/developer/toolchains/gnu_arm/4.9_2015q3/bin/../lib/gcc/arm-none-eabi/4.9.3/armv7e-m/softfp/crtend.o
                0x20000074                . = ALIGN (0x4)
                0x20000074                __data_end__ = .

.igot.plt       0x20000074        0x0 load address 0x00001100
 .igot.plt      0x00000000        0x0 c:/siliconlabs/simplicitystudio/v4/developer/toolchains/gnu_arm/4.9_2015q3/bin/../lib/gcc/arm-none-eabi/4.9.3/armv7e-m/softfp/crtbegin.o

.bss            0x20000074       0x24 load address 0x00001100
                0x20000074                . = ALIGN (0x4)
                0x20000074                __bss_start__ = .
 *(.bss*)
 .bss           0x20000074       0x1c c:/siliconlabs/simplicitystudio/v4/developer/toolchains/gnu_arm/4.9_2015q3/bin/../lib/gcc/arm-none-eabi/4.9.3/armv7e-m/softfp/crtbegin.o
 .bss.msTicks   0x20000090        0x4 ./src/main.o
                0x20000090                msTicks
 *(COMMON)
 COMMON         0x20000094        0x4 ./CMSIS/EFM32WG/system_efm32wg.o
                0x20000094                SystemCoreClock
                0x20000098                . = ALIGN (0x4)
                0x20000098                __bss_end__ = .

.heap           0x20000098      0xc00
                0x20000098                __HeapBase = .
                0x20000098                __end__ = .
                0x20000098                end = __end__
                0x20000098                _end = __end__
 *(.heap*)
 .heap          0x20000098      0xc00 ./CMSIS/EFM32WG/startup_efm32wg.o
                0x20000c98                __HeapLimit = .

.stack_dummy    0x20000098      0x400
 *(.stack*)
 .stack         0x20000098      0x400 ./CMSIS/EFM32WG/startup_efm32wg.o
                0x20008000                __StackTop = (ORIGIN (RAM) + 0x8000)
                0x20007c00                __StackLimit = (__StackTop - SIZEOF (.stack_dummy))
                0x20008000                PROVIDE (__stack, __StackTop)
                0x00000001                ASSERT ((__StackLimit >= __HeapLimit), region RAM overflowed with stack)
                0x00000001                ASSERT ((0x40000 >= (__etext + SIZEOF (.data))), FLASH memory overflowed !)
OUTPUT(test_blink.axf elf32-littlearm)

.ARM.attributes
                0x00000000       0x2e
 .ARM.attributes
                0x00000000       0x22 c:/siliconlabs/simplicitystudio/v4/developer/toolchains/gnu_arm/4.9_2015q3/bin/../lib/gcc/arm-none-eabi/4.9.3/armv7e-m/softfp/crti.o
 .ARM.attributes
                0x00000022       0x32 c:/siliconlabs/simplicitystudio/v4/developer/toolchains/gnu_arm/4.9_2015q3/bin/../lib/gcc/arm-none-eabi/4.9.3/armv7e-m/softfp/crtbegin.o
 .ARM.attributes
                0x00000054       0x20 c:/siliconlabs/simplicitystudio/v4/developer/toolchains/gnu_arm/4.9_2015q3/bin/../lib/gcc/arm-none-eabi/4.9.3/../../../../arm-none-eabi/lib/armv7e-m/softfp/crt0.o
 .ARM.attributes
                0x00000074       0x37 ./BSP/bsp_stk_leds.o
 .ARM.attributes
                0x000000ab       0x37 ./BSP/bsp_trace.o
 .ARM.attributes
                0x000000e2       0x1b ./CMSIS/EFM32WG/startup_efm32wg.o
 .ARM.attributes
                0x000000fd       0x37 ./CMSIS/EFM32WG/system_efm32wg.o
 .ARM.attributes
                0x00000134       0x37 ./emlib/em_cmu.o
 .ARM.attributes
                0x0000016b       0x37 ./emlib/em_gpio.o
 .ARM.attributes
                0x000001a2       0x37 ./src/main.o
 .ARM.attributes
                0x000001d9       0x32 c:/siliconlabs/simplicitystudio/v4/developer/toolchains/gnu_arm/4.9_2015q3/bin/../lib/gcc/arm-none-eabi/4.9.3/../../../../arm-none-eabi/lib/armv7e-m/softfp\libc_nano.a(lib_a-exit.o)
 .ARM.attributes
                0x0000020b       0x32 c:/siliconlabs/simplicitystudio/v4/developer/toolchains/gnu_arm/4.9_2015q3/bin/../lib/gcc/arm-none-eabi/4.9.3/../../../../arm-none-eabi/lib/armv7e-m/softfp\libc_nano.a(lib_a-impure.o)
 .ARM.attributes
                0x0000023d       0x32 c:/siliconlabs/simplicitystudio/v4/developer/toolchains/gnu_arm/4.9_2015q3/bin/../lib/gcc/arm-none-eabi/4.9.3/../../../../arm-none-eabi/lib/armv7e-m/softfp\libc_nano.a(lib_a-init.o)
 .ARM.attributes
                0x0000026f       0x32 c:/siliconlabs/simplicitystudio/v4/developer/toolchains/gnu_arm/4.9_2015q3/bin/../lib/gcc/arm-none-eabi/4.9.3/../../../../arm-none-eabi/lib/armv7e-m/softfp\libc_nano.a(lib_a-memset.o)
 .ARM.attributes
                0x000002a1       0x32 c:/siliconlabs/simplicitystudio/v4/developer/toolchains/gnu_arm/4.9_2015q3/bin/../lib/gcc/arm-none-eabi/4.9.3/../../../../arm-none-eabi/lib/armv7e-m/softfp\libnosys.a(_exit.o)
 .ARM.attributes
                0x000002d3       0x32 c:/siliconlabs/simplicitystudio/v4/developer/toolchains/gnu_arm/4.9_2015q3/bin/../lib/gcc/arm-none-eabi/4.9.3/armv7e-m/softfp/crtend.o
 .ARM.attributes
                0x00000305       0x22 c:/siliconlabs/simplicitystudio/v4/developer/toolchains/gnu_arm/4.9_2015q3/bin/../lib/gcc/arm-none-eabi/4.9.3/armv7e-m/softfp/crtn.o

.comment        0x00000000       0x70
 .comment       0x00000000       0x70 ./BSP/bsp_stk_leds.o
                                 0x71 (size before relaxing)
 .comment       0x00000000       0x71 ./BSP/bsp_trace.o
 .comment       0x00000000       0x71 ./CMSIS/EFM32WG/system_efm32wg.o
 .comment       0x00000000       0x71 ./emlib/em_cmu.o
 .comment       0x00000000       0x71 ./emlib/em_gpio.o
 .comment       0x00000000       0x71 ./src/main.o

.debug_info     0x00000000     0x3b0b
 .debug_info    0x00000000      0x78a ./BSP/bsp_stk_leds.o
 .debug_info    0x0000078a      0xca2 ./BSP/bsp_trace.o
 .debug_info    0x0000142c       0xfe ./CMSIS/EFM32WG/startup_efm32wg.o
 .debug_info    0x0000152a      0x746 ./CMSIS/EFM32WG/system_efm32wg.o
 .debug_info    0x00001c70     0x124b ./emlib/em_cmu.o
 .debug_info    0x00002ebb      0x65b ./emlib/em_gpio.o
 .debug_info    0x00003516      0x5f5 ./src/main.o

.debug_abbrev   0x00000000      0xaf9
 .debug_abbrev  0x00000000      0x18e ./BSP/bsp_stk_leds.o
 .debug_abbrev  0x0000018e      0x17b ./BSP/bsp_trace.o
 .debug_abbrev  0x00000309       0x14 ./CMSIS/EFM32WG/startup_efm32wg.o
 .debug_abbrev  0x0000031d      0x1a3 ./CMSIS/EFM32WG/system_efm32wg.o
 .debug_abbrev  0x000004c0      0x2ed ./emlib/em_cmu.o
 .debug_abbrev  0x000007ad      0x1c0 ./emlib/em_gpio.o
 .debug_abbrev  0x0000096d      0x18c ./src/main.o

.debug_loc      0x00000000     0x1998
 .debug_loc     0x00000000      0x3f0 ./BSP/bsp_stk_leds.o
 .debug_loc     0x000003f0       0xa0 ./BSP/bsp_trace.o
 .debug_loc     0x00000490      0x31c ./CMSIS/EFM32WG/system_efm32wg.o
 .debug_loc     0x000007ac      0xcbc ./emlib/em_cmu.o
 .debug_loc     0x00001468      0x3d0 ./emlib/em_gpio.o
 .debug_loc     0x00001838      0x160 ./src/main.o

.debug_aranges  0x00000000      0x338
 .debug_aranges
                0x00000000       0x78 ./BSP/bsp_stk_leds.o
 .debug_aranges
                0x00000078       0x28 ./BSP/bsp_trace.o
 .debug_aranges
                0x000000a0       0x20 ./CMSIS/EFM32WG/startup_efm32wg.o
 .debug_aranges
                0x000000c0       0x70 ./CMSIS/EFM32WG/system_efm32wg.o
 .debug_aranges
                0x00000130      0x158 ./emlib/em_cmu.o
 .debug_aranges
                0x00000288       0x70 ./emlib/em_gpio.o
 .debug_aranges
                0x000002f8       0x40 ./src/main.o

.debug_ranges   0x00000000      0x2b8
 .debug_ranges  0x00000000       0x68 ./BSP/bsp_stk_leds.o
 .debug_ranges  0x00000068       0x18 ./BSP/bsp_trace.o
 .debug_ranges  0x00000080       0x60 ./CMSIS/EFM32WG/system_efm32wg.o
 .debug_ranges  0x000000e0      0x148 ./emlib/em_cmu.o
 .debug_ranges  0x00000228       0x60 ./emlib/em_gpio.o
 .debug_ranges  0x00000288       0x30 ./src/main.o

.debug_line     0x00000000     0x1ec9
 .debug_line    0x00000000      0x4e0 ./BSP/bsp_stk_leds.o
 .debug_line    0x000004e0      0x338 ./BSP/bsp_trace.o
 .debug_line    0x00000818       0xd3 ./CMSIS/EFM32WG/startup_efm32wg.o
 .debug_line    0x000008eb      0x38d ./CMSIS/EFM32WG/system_efm32wg.o
 .debug_line    0x00000c78      0x9f2 ./emlib/em_cmu.o
 .debug_line    0x0000166a      0x4be ./emlib/em_gpio.o
 .debug_line    0x00001b28      0x3a1 ./src/main.o

.debug_str      0x00000000     0x171f
 .debug_str     0x00000000      0x757 ./BSP/bsp_stk_leds.o
                                0x7ab (size before relaxing)
 .debug_str     0x00000757      0x337 ./BSP/bsp_trace.o
                                0x7f9 (size before relaxing)
 .debug_str     0x00000a8e      0x244 ./CMSIS/EFM32WG/system_efm32wg.o
                                0x544 (size before relaxing)
 .debug_str     0x00000cd2      0x7a1 ./emlib/em_cmu.o
                                0xd7b (size before relaxing)
 .debug_str     0x00001473      0x19d ./emlib/em_gpio.o
                                0x625 (size before relaxing)
 .debug_str     0x00001610      0x10f ./src/main.o
                                0x599 (size before relaxing)

.debug_frame    0x00000000      0xc88
 .debug_frame   0x00000000      0x1d0 ./BSP/bsp_stk_leds.o
 .debug_frame   0x000001d0       0x58 ./BSP/bsp_trace.o
 .debug_frame   0x00000228      0x180 ./CMSIS/EFM32WG/system_efm32wg.o
 .debug_frame   0x000003a8      0x5d4 ./emlib/em_cmu.o
 .debug_frame   0x0000097c      0x1c0 ./emlib/em_gpio.o
 .debug_frame   0x00000b3c       0xb8 ./src/main.o
 .debug_frame   0x00000bf4       0x28 c:/siliconlabs/simplicitystudio/v4/developer/toolchains/gnu_arm/4.9_2015q3/bin/../lib/gcc/arm-none-eabi/4.9.3/../../../../arm-none-eabi/lib/armv7e-m/softfp\libc_nano.a(lib_a-exit.o)
 .debug_frame   0x00000c1c       0x2c c:/siliconlabs/simplicitystudio/v4/developer/toolchains/gnu_arm/4.9_2015q3/bin/../lib/gcc/arm-none-eabi/4.9.3/../../../../arm-none-eabi/lib/armv7e-m/softfp\libc_nano.a(lib_a-init.o)
 .debug_frame   0x00000c48       0x20 c:/siliconlabs/simplicitystudio/v4/developer/toolchains/gnu_arm/4.9_2015q3/bin/../lib/gcc/arm-none-eabi/4.9.3/../../../../arm-none-eabi/lib/armv7e-m/softfp\libc_nano.a(lib_a-memset.o)
 .debug_frame   0x00000c68       0x20 c:/siliconlabs/simplicitystudio/v4/developer/toolchains/gnu_arm/4.9_2015q3/bin/../lib/gcc/arm-none-eabi/4.9.3/../../../../arm-none-eabi/lib/armv7e-m/softfp\libnosys.a(_exit.o)
