Archive member included because of file (symbol)

c:/siliconlabs/simplicitystudio/v4/developer/toolchains/gnu_arm/4.9_2015q3/bin/../lib/gcc/arm-none-eabi/4.9.3/../../../../arm-none-eabi/lib/armv7e-m/softfp\libc_nano.a(lib_a-exit.o)
                              c:/siliconlabs/simplicitystudio/v4/developer/toolchains/gnu_arm/4.9_2015q3/bin/../lib/gcc/arm-none-eabi/4.9.3/../../../../arm-none-eabi/lib/armv7e-m/softfp/crt0.o (exit)
c:/siliconlabs/simplicitystudio/v4/developer/toolchains/gnu_arm/4.9_2015q3/bin/../lib/gcc/arm-none-eabi/4.9.3/../../../../arm-none-eabi/lib/armv7e-m/softfp\libc_nano.a(lib_a-impure.o)
                              c:/siliconlabs/simplicitystudio/v4/developer/toolchains/gnu_arm/4.9_2015q3/bin/../lib/gcc/arm-none-eabi/4.9.3/../../../../arm-none-eabi/lib/armv7e-m/softfp\libc_nano.a(lib_a-exit.o) (_global_impure_ptr)
c:/siliconlabs/simplicitystudio/v4/developer/toolchains/gnu_arm/4.9_2015q3/bin/../lib/gcc/arm-none-eabi/4.9.3/../../../../arm-none-eabi/lib/armv7e-m/softfp\libc_nano.a(lib_a-init.o)
                              c:/siliconlabs/simplicitystudio/v4/developer/toolchains/gnu_arm/4.9_2015q3/bin/../lib/gcc/arm-none-eabi/4.9.3/../../../../arm-none-eabi/lib/armv7e-m/softfp/crt0.o (__libc_init_array)
c:/siliconlabs/simplicitystudio/v4/developer/toolchains/gnu_arm/4.9_2015q3/bin/../lib/gcc/arm-none-eabi/4.9.3/../../../../arm-none-eabi/lib/armv7e-m/softfp\libc_nano.a(lib_a-memcpy.o)
                              ./FreeRTOS/efm32wg/queue.o (memcpy)
c:/siliconlabs/simplicitystudio/v4/developer/toolchains/gnu_arm/4.9_2015q3/bin/../lib/gcc/arm-none-eabi/4.9.3/../../../../arm-none-eabi/lib/armv7e-m/softfp\libc_nano.a(lib_a-memset.o)
                              c:/siliconlabs/simplicitystudio/v4/developer/toolchains/gnu_arm/4.9_2015q3/bin/../lib/gcc/arm-none-eabi/4.9.3/../../../../arm-none-eabi/lib/armv7e-m/softfp/crt0.o (memset)
c:/siliconlabs/simplicitystudio/v4/developer/toolchains/gnu_arm/4.9_2015q3/bin/../lib/gcc/arm-none-eabi/4.9.3/../../../../arm-none-eabi/lib/armv7e-m/softfp\libc_nano.a(lib_a-strlen.o)
                              ./Drivers/segmentlcd.o (strlen)
c:/siliconlabs/simplicitystudio/v4/developer/toolchains/gnu_arm/4.9_2015q3/bin/../lib/gcc/arm-none-eabi/4.9.3/../../../../arm-none-eabi/lib/armv7e-m/softfp\libnosys.a(_exit.o)
                              c:/siliconlabs/simplicitystudio/v4/developer/toolchains/gnu_arm/4.9_2015q3/bin/../lib/gcc/arm-none-eabi/4.9.3/../../../../arm-none-eabi/lib/armv7e-m/softfp\libc_nano.a(lib_a-exit.o) (_exit)

Allocating common symbols
Common symbol       size              file

SystemCoreClock     0x4               ./CMSIS/EFM32WG/system_efm32wg.o
xQueueRegistry      0x50              ./FreeRTOS/efm32wg/queue.o

Discarded input sections

 .text          0x00000000        0x0 c:/siliconlabs/simplicitystudio/v4/developer/toolchains/gnu_arm/4.9_2015q3/bin/../lib/gcc/arm-none-eabi/4.9.3/armv7e-m/softfp/crti.o
 .data          0x00000000        0x0 c:/siliconlabs/simplicitystudio/v4/developer/toolchains/gnu_arm/4.9_2015q3/bin/../lib/gcc/arm-none-eabi/4.9.3/armv7e-m/softfp/crti.o
 .bss           0x00000000        0x0 c:/siliconlabs/simplicitystudio/v4/developer/toolchains/gnu_arm/4.9_2015q3/bin/../lib/gcc/arm-none-eabi/4.9.3/armv7e-m/softfp/crti.o
 .data          0x00000000        0x4 c:/siliconlabs/simplicitystudio/v4/developer/toolchains/gnu_arm/4.9_2015q3/bin/../lib/gcc/arm-none-eabi/4.9.3/armv7e-m/softfp/crtbegin.o
 .data          0x00000000        0x0 c:/siliconlabs/simplicitystudio/v4/developer/toolchains/gnu_arm/4.9_2015q3/bin/../lib/gcc/arm-none-eabi/4.9.3/../../../../arm-none-eabi/lib/armv7e-m/softfp/crt0.o
 .bss           0x00000000        0x0 c:/siliconlabs/simplicitystudio/v4/developer/toolchains/gnu_arm/4.9_2015q3/bin/../lib/gcc/arm-none-eabi/4.9.3/../../../../arm-none-eabi/lib/armv7e-m/softfp/crt0.o
 .ARM.extab     0x00000000        0x0 c:/siliconlabs/simplicitystudio/v4/developer/toolchains/gnu_arm/4.9_2015q3/bin/../lib/gcc/arm-none-eabi/4.9.3/../../../../arm-none-eabi/lib/armv7e-m/softfp/crt0.o
 .text          0x00000000        0x0 ./BSP/bsp_trace.o
 .data          0x00000000        0x0 ./BSP/bsp_trace.o
 .bss           0x00000000        0x0 ./BSP/bsp_trace.o
 .data          0x00000000        0x0 ./CMSIS/EFM32WG/startup_efm32wg.o
 .bss           0x00000000        0x0 ./CMSIS/EFM32WG/startup_efm32wg.o
 .text          0x00000000        0x0 ./CMSIS/EFM32WG/system_efm32wg.o
 .data          0x00000000        0x0 ./CMSIS/EFM32WG/system_efm32wg.o
 .bss           0x00000000        0x0 ./CMSIS/EFM32WG/system_efm32wg.o
 .text.SystemHFXOClockSet
                0x00000000       0xe4 ./CMSIS/EFM32WG/system_efm32wg.o
 .text.SystemLFXOClockSet
                0x00000000       0xe4 ./CMSIS/EFM32WG/system_efm32wg.o
 .text          0x00000000        0x0 ./Drivers/segmentlcd.o
 .data          0x00000000        0x0 ./Drivers/segmentlcd.o
 .bss           0x00000000        0x0 ./Drivers/segmentlcd.o
 .text.SegmentLCD_AllOn
                0x00000000       0xcc ./Drivers/segmentlcd.o
 .text.SegmentLCD_ARing
                0x00000000       0x20 ./Drivers/segmentlcd.o
 .text.SegmentLCD_Battery
                0x00000000       0x34 ./Drivers/segmentlcd.o
 .text.SegmentLCD_Block
                0x00000000      0x1c8 ./Drivers/segmentlcd.o
 .text.SegmentLCD_Disable
                0x00000000       0x30 ./Drivers/segmentlcd.o
 .text.SegmentLCD_EnergyMode
                0x00000000       0x20 ./Drivers/segmentlcd.o
 .text.SegmentLCD_LowerNumber
                0x00000000      0x428 ./Drivers/segmentlcd.o
 .text.SegmentLCD_Number
                0x00000000      0x18c ./Drivers/segmentlcd.o
 .text.SegmentLCD_NumberOff
                0x00000000       0x4c ./Drivers/segmentlcd.o
 .text.SegmentLCD_Symbol
                0x00000000       0x30 ./Drivers/segmentlcd.o
 .text.SegmentLCD_UnsignedHex
                0x00000000      0x11c ./Drivers/segmentlcd.o
 .text.SegmentLCD_Write
                0x00000000      0x190 ./Drivers/segmentlcd.o
 .rodata.EFM_Numbers
                0x00000000       0x22 ./Drivers/segmentlcd.o
 .rodata.str1.4
                0x00000000        0x8 ./Drivers/segmentlcd.o
 .rodata.CSWTCH.30
                0x00000000       0x44 ./Drivers/segmentlcd.o
 .rodata.CSWTCH.29
                0x00000000       0x44 ./Drivers/segmentlcd.o
 .rodata.Blocks
                0x00000000        0x8 ./Drivers/segmentlcd.o
 .text          0x00000000        0x0 ./Drivers/sleep.o
 .data          0x00000000        0x0 ./Drivers/sleep.o
 .bss           0x00000000        0x0 ./Drivers/sleep.o
 .text.SLEEP_Init
                0x00000000       0x3c ./Drivers/sleep.o
 .text.SLEEP_Sleep
                0x00000000       0x78 ./Drivers/sleep.o
 .text.SLEEP_ForceSleepInEM4
                0x00000000       0x34 ./Drivers/sleep.o
 .text.SLEEP_SleepBlockBegin
                0x00000000       0x60 ./Drivers/sleep.o
 .text.SLEEP_SleepBlockEnd
                0x00000000       0x34 ./Drivers/sleep.o
 .text.SLEEP_LowestEnergyModeGet
                0x00000000       0x1c ./Drivers/sleep.o
 .bss.wakeUpCallback
                0x00000000        0x4 ./Drivers/sleep.o
 .bss.sleepCallback
                0x00000000        0x4 ./Drivers/sleep.o
 .rodata.str1.4
                0x00000000       0x68 ./Drivers/sleep.o
 .bss.sleepBlockCnt
                0x00000000        0x2 ./Drivers/sleep.o
 .debug_info    0x00000000      0x93b ./Drivers/sleep.o
 .debug_abbrev  0x00000000      0x38a ./Drivers/sleep.o
 .debug_loc     0x00000000      0x312 ./Drivers/sleep.o
 .debug_aranges
                0x00000000       0x48 ./Drivers/sleep.o
 .debug_ranges  0x00000000       0xb0 ./Drivers/sleep.o
 .debug_line    0x00000000      0x49d ./Drivers/sleep.o
 .debug_str     0x00000000      0x503 ./Drivers/sleep.o
 .comment       0x00000000       0x71 ./Drivers/sleep.o
 .debug_frame   0x00000000       0xb0 ./Drivers/sleep.o
 .ARM.attributes
                0x00000000       0x37 ./Drivers/sleep.o
 .text          0x00000000        0x0 ./FreeRTOS/efm32wg/croutine.o
 .data          0x00000000        0x0 ./FreeRTOS/efm32wg/croutine.o
 .bss           0x00000000        0x0 ./FreeRTOS/efm32wg/croutine.o
 .debug_info    0x00000000       0x6e ./FreeRTOS/efm32wg/croutine.o
 .debug_abbrev  0x00000000       0x24 ./FreeRTOS/efm32wg/croutine.o
 .debug_aranges
                0x00000000       0x18 ./FreeRTOS/efm32wg/croutine.o
 .debug_line    0x00000000       0x1d ./FreeRTOS/efm32wg/croutine.o
 .debug_str     0x00000000      0x1dc ./FreeRTOS/efm32wg/croutine.o
 .comment       0x00000000       0x71 ./FreeRTOS/efm32wg/croutine.o
 .ARM.attributes
                0x00000000       0x37 ./FreeRTOS/efm32wg/croutine.o
 .text          0x00000000        0x0 ./FreeRTOS/efm32wg/event_groups.o
 .data          0x00000000        0x0 ./FreeRTOS/efm32wg/event_groups.o
 .bss           0x00000000        0x0 ./FreeRTOS/efm32wg/event_groups.o
 .text.xEventGroupCreate
                0x00000000       0x1c ./FreeRTOS/efm32wg/event_groups.o
 .text.xEventGroupWaitBits
                0x00000000      0x118 ./FreeRTOS/efm32wg/event_groups.o
 .text.xEventGroupClearBits
                0x00000000       0x3c ./FreeRTOS/efm32wg/event_groups.o
 .text.xEventGroupGetBitsFromISR
                0x00000000       0x1c ./FreeRTOS/efm32wg/event_groups.o
 .text.xEventGroupSetBits
                0x00000000       0x94 ./FreeRTOS/efm32wg/event_groups.o
 .text.xEventGroupSync
                0x00000000      0x128 ./FreeRTOS/efm32wg/event_groups.o
 .text.vEventGroupDelete
                0x00000000       0x44 ./FreeRTOS/efm32wg/event_groups.o
 .text.vEventGroupSetBitsCallback
                0x00000000        0x4 ./FreeRTOS/efm32wg/event_groups.o
 .text.vEventGroupClearBitsCallback
                0x00000000       0x3c ./FreeRTOS/efm32wg/event_groups.o
 .rodata.str1.4
                0x00000000       0x77 ./FreeRTOS/efm32wg/event_groups.o
 .debug_info    0x00000000      0xc75 ./FreeRTOS/efm32wg/event_groups.o
 .debug_abbrev  0x00000000      0x330 ./FreeRTOS/efm32wg/event_groups.o
 .debug_loc     0x00000000      0xd2e ./FreeRTOS/efm32wg/event_groups.o
 .debug_aranges
                0x00000000       0x60 ./FreeRTOS/efm32wg/event_groups.o
 .debug_ranges  0x00000000       0xb8 ./FreeRTOS/efm32wg/event_groups.o
 .debug_line    0x00000000      0x5c2 ./FreeRTOS/efm32wg/event_groups.o
 .debug_str     0x00000000      0x68b ./FreeRTOS/efm32wg/event_groups.o
 .comment       0x00000000       0x71 ./FreeRTOS/efm32wg/event_groups.o
 .debug_frame   0x00000000      0x11c ./FreeRTOS/efm32wg/event_groups.o
 .ARM.attributes
                0x00000000       0x37 ./FreeRTOS/efm32wg/event_groups.o
 .text          0x00000000        0x0 ./FreeRTOS/efm32wg/heap_1.o
 .data          0x00000000        0x0 ./FreeRTOS/efm32wg/heap_1.o
 .bss           0x00000000        0x0 ./FreeRTOS/efm32wg/heap_1.o
 .text.pvPortMalloc
                0x00000000       0x58 ./FreeRTOS/efm32wg/heap_1.o
 .text.vPortFree
                0x00000000       0x10 ./FreeRTOS/efm32wg/heap_1.o
 .text.vPortInitialiseBlocks
                0x00000000        0xc ./FreeRTOS/efm32wg/heap_1.o
 .text.xPortGetFreeHeapSize
                0x00000000       0x10 ./FreeRTOS/efm32wg/heap_1.o
 .bss.xNextFreeByte
                0x00000000        0x4 ./FreeRTOS/efm32wg/heap_1.o
 .rodata.str1.4
                0x00000000       0x82 ./FreeRTOS/efm32wg/heap_1.o
 .bss.ucHeap    0x00000000     0x2328 ./FreeRTOS/efm32wg/heap_1.o
 .bss.pucAlignedHeap.4705
                0x00000000        0x4 ./FreeRTOS/efm32wg/heap_1.o
 .debug_info    0x00000000      0x20a ./FreeRTOS/efm32wg/heap_1.o
 .debug_abbrev  0x00000000      0x165 ./FreeRTOS/efm32wg/heap_1.o
 .debug_loc     0x00000000       0xfa ./FreeRTOS/efm32wg/heap_1.o
 .debug_aranges
                0x00000000       0x38 ./FreeRTOS/efm32wg/heap_1.o
 .debug_ranges  0x00000000       0x28 ./FreeRTOS/efm32wg/heap_1.o
 .debug_line    0x00000000      0x3e9 ./FreeRTOS/efm32wg/heap_1.o
 .debug_str     0x00000000      0x2c7 ./FreeRTOS/efm32wg/heap_1.o
 .comment       0x00000000       0x71 ./FreeRTOS/efm32wg/heap_1.o
 .debug_frame   0x00000000       0x5c ./FreeRTOS/efm32wg/heap_1.o
 .ARM.attributes
                0x00000000       0x37 ./FreeRTOS/efm32wg/heap_1.o
 .text          0x00000000        0x0 ./FreeRTOS/efm32wg/list.o
 .data          0x00000000        0x0 ./FreeRTOS/efm32wg/list.o
 .bss           0x00000000        0x0 ./FreeRTOS/efm32wg/list.o
 .text.vListInitialise
                0x00000000       0x18 ./FreeRTOS/efm32wg/list.o
 .text.vListInitialiseItem
                0x00000000        0x8 ./FreeRTOS/efm32wg/list.o
 .text.vListInsert
                0x00000000       0x34 ./FreeRTOS/efm32wg/list.o
 .text          0x00000000        0x0 ./FreeRTOS/efm32wg/port.o
 .data          0x00000000        0x0 ./FreeRTOS/efm32wg/port.o
 .bss           0x00000000        0x0 ./FreeRTOS/efm32wg/port.o
 .text.prvPortStartFirstTask
                0x00000000       0x20 ./FreeRTOS/efm32wg/port.o
 .text.vPortEnableVFP
                0x00000000       0x14 ./FreeRTOS/efm32wg/port.o
 .text.prvTaskExitError
                0x00000000       0x30 ./FreeRTOS/efm32wg/port.o
 .text.pxPortInitialiseStack
                0x00000000       0x2c ./FreeRTOS/efm32wg/port.o
 .text.vPortEndScheduler
                0x00000000       0x20 ./FreeRTOS/efm32wg/port.o
 .text.vPortEnterCritical
                0x00000000       0x40 ./FreeRTOS/efm32wg/port.o
 .text.vPortExitCritical
                0x00000000       0x2c ./FreeRTOS/efm32wg/port.o
 .text.vPortSuppressTicksAndSleep
                0x00000000      0x168 ./FreeRTOS/efm32wg/port.o
 .text.vPortSetupTimerInterrupt
                0x00000000       0x3c ./FreeRTOS/efm32wg/port.o
 .text.xPortStartScheduler
                0x00000000       0xe8 ./FreeRTOS/efm32wg/port.o
 .text.vPortValidateInterruptPriority
                0x00000000       0x58 ./FreeRTOS/efm32wg/port.o
 .bss.ulTimerCountsForOneTick
                0x00000000        0x4 ./FreeRTOS/efm32wg/port.o
 .bss.ulStoppedTimerCompensation
                0x00000000        0x4 ./FreeRTOS/efm32wg/port.o
 .bss.ucMaxSysCallPriority
                0x00000000        0x1 ./FreeRTOS/efm32wg/port.o
 .rodata.str1.4
                0x00000000       0x85 ./FreeRTOS/efm32wg/port.o
 .bss.ulMaxPRIGROUPValue
                0x00000000        0x4 ./FreeRTOS/efm32wg/port.o
 .bss.xMaximumPossibleSuppressedTicks
                0x00000000        0x4 ./FreeRTOS/efm32wg/port.o
 .data.uxCriticalNesting
                0x00000000        0x4 ./FreeRTOS/efm32wg/port.o
 .text          0x00000000        0x0 ./FreeRTOS/efm32wg/queue.o
 .data          0x00000000        0x0 ./FreeRTOS/efm32wg/queue.o
 .bss           0x00000000        0x0 ./FreeRTOS/efm32wg/queue.o
 .text.xQueueGenericReset
                0x00000000       0x90 ./FreeRTOS/efm32wg/queue.o
 .text.xQueueGenericCreate
                0x00000000       0x84 ./FreeRTOS/efm32wg/queue.o
 .text.xQueueGenericSend
                0x00000000      0x40c ./FreeRTOS/efm32wg/queue.o
 .text.xQueueCreateMutex
                0x00000000       0x68 ./FreeRTOS/efm32wg/queue.o
 .text.xQueueGenericSendFromISR
                0x00000000      0x148 ./FreeRTOS/efm32wg/queue.o
 .text.xQueueGiveFromISR
                0x00000000       0xa8 ./FreeRTOS/efm32wg/queue.o
 .text.xQueueGenericReceive
                0x00000000      0x3c0 ./FreeRTOS/efm32wg/queue.o
 .text.xQueueReceiveFromISR
                0x00000000       0xb8 ./FreeRTOS/efm32wg/queue.o
 .text.xQueuePeekFromISR
                0x00000000       0x80 ./FreeRTOS/efm32wg/queue.o
 .text.uxQueueMessagesWaiting
                0x00000000       0x24 ./FreeRTOS/efm32wg/queue.o
 .text.uxQueueSpacesAvailable
                0x00000000       0x28 ./FreeRTOS/efm32wg/queue.o
 .text.uxQueueMessagesWaitingFromISR
                0x00000000       0x1c ./FreeRTOS/efm32wg/queue.o
 .text.vQueueDelete
                0x00000000       0xa0 ./FreeRTOS/efm32wg/queue.o
 .text.xQueueIsQueueEmptyFromISR
                0x00000000       0x20 ./FreeRTOS/efm32wg/queue.o
 .text.xQueueIsQueueFullFromISR
                0x00000000       0x24 ./FreeRTOS/efm32wg/queue.o
 .text.vQueueAddToRegistry
                0x00000000       0x68 ./FreeRTOS/efm32wg/queue.o
 .text.pcQueueGetName
                0x00000000       0x74 ./FreeRTOS/efm32wg/queue.o
 .text.vQueueUnregisterQueue
                0x00000000       0x78 ./FreeRTOS/efm32wg/queue.o
 .text.vQueueWaitForMessageRestricted
                0x00000000       0xd0 ./FreeRTOS/efm32wg/queue.o
 .rodata.str1.4
                0x00000000       0x70 ./FreeRTOS/efm32wg/queue.o
 .debug_info    0x00000000     0x1f82 ./FreeRTOS/efm32wg/queue.o
 .debug_abbrev  0x00000000      0x3c0 ./FreeRTOS/efm32wg/queue.o
 .debug_loc     0x00000000     0x1c27 ./FreeRTOS/efm32wg/queue.o
 .debug_aranges
                0x00000000       0xb0 ./FreeRTOS/efm32wg/queue.o
 .debug_ranges  0x00000000      0x300 ./FreeRTOS/efm32wg/queue.o
 .debug_line    0x00000000      0xa9b ./FreeRTOS/efm32wg/queue.o
 .debug_str     0x00000000      0x97a ./FreeRTOS/efm32wg/queue.o
 .comment       0x00000000       0x71 ./FreeRTOS/efm32wg/queue.o
 .debug_frame   0x00000000      0x27c ./FreeRTOS/efm32wg/queue.o
 .ARM.attributes
                0x00000000       0x37 ./FreeRTOS/efm32wg/queue.o
 COMMON         0x00000000       0x50 ./FreeRTOS/efm32wg/queue.o
 .text          0x00000000        0x0 ./FreeRTOS/efm32wg/tasks.o
 .data          0x00000000        0x0 ./FreeRTOS/efm32wg/tasks.o
 .bss           0x00000000        0x0 ./FreeRTOS/efm32wg/tasks.o
 .text.xTaskCreate
                0x00000000      0x20c ./FreeRTOS/efm32wg/tasks.o
 .text.vTaskDelete
                0x00000000      0x108 ./FreeRTOS/efm32wg/tasks.o
 .text.uxTaskPriorityGet
                0x00000000       0x28 ./FreeRTOS/efm32wg/tasks.o
 .text.uxTaskPriorityGetFromISR
                0x00000000       0x38 ./FreeRTOS/efm32wg/tasks.o
 .text.vTaskPrioritySet
                0x00000000       0xf0 ./FreeRTOS/efm32wg/tasks.o
 .text.vTaskSuspend
                0x00000000      0x150 ./FreeRTOS/efm32wg/tasks.o
 .text.vTaskResume
                0x00000000       0xa8 ./FreeRTOS/efm32wg/tasks.o
 .text.xTaskResumeFromISR
                0x00000000       0xd4 ./FreeRTOS/efm32wg/tasks.o
 .text.vTaskStartScheduler
                0x00000000      0x204 ./FreeRTOS/efm32wg/tasks.o
 .text.vTaskEndScheduler
                0x00000000       0x20 ./FreeRTOS/efm32wg/tasks.o
 .text.vTaskSuspendAll
                0x00000000       0x10 ./FreeRTOS/efm32wg/tasks.o
 .text.xTaskGetTickCount
                0x00000000        0xc ./FreeRTOS/efm32wg/tasks.o
 .text.xTaskGetTickCountFromISR
                0x00000000       0x10 ./FreeRTOS/efm32wg/tasks.o
 .text.uxTaskGetNumberOfTasks
                0x00000000        0xc ./FreeRTOS/efm32wg/tasks.o
 .text.pcTaskGetName
                0x00000000       0x2c ./FreeRTOS/efm32wg/tasks.o
 .text.vTaskStepTick
                0x00000000       0x30 ./FreeRTOS/efm32wg/tasks.o
 .text.xTaskResumeAll
                0x00000000      0x130 ./FreeRTOS/efm32wg/tasks.o
 .text.vTaskDelayUntil
                0x00000000      0x100 ./FreeRTOS/efm32wg/tasks.o
 .text.vTaskDelay
                0x00000000       0xb4 ./FreeRTOS/efm32wg/tasks.o
 .text.prvIdleTask
                0x00000000      0x104 ./FreeRTOS/efm32wg/tasks.o
 .text.vTaskPlaceOnEventList
                0x00000000       0xa8 ./FreeRTOS/efm32wg/tasks.o
 .text.vTaskPlaceOnUnorderedEventList
                0x00000000       0xc8 ./FreeRTOS/efm32wg/tasks.o
 .text.vTaskPlaceOnEventListRestricted
                0x00000000       0xc0 ./FreeRTOS/efm32wg/tasks.o
 .text.xTaskRemoveFromEventList
                0x00000000       0xb0 ./FreeRTOS/efm32wg/tasks.o
 .text.xTaskRemoveFromUnorderedEventList
                0x00000000       0x8c ./FreeRTOS/efm32wg/tasks.o
 .text.vTaskSetTimeOutState
                0x00000000       0x2c ./FreeRTOS/efm32wg/tasks.o
 .text.xTaskCheckForTimeOut
                0x00000000       0x78 ./FreeRTOS/efm32wg/tasks.o
 .text.vTaskMissedYield
                0x00000000        0xc ./FreeRTOS/efm32wg/tasks.o
 .text.eTaskConfirmSleepModeStatus
                0x00000000       0x34 ./FreeRTOS/efm32wg/tasks.o
 .text.xTaskGetCurrentTaskHandle
                0x00000000        0xc ./FreeRTOS/efm32wg/tasks.o
 .text.xTaskGetSchedulerState
                0x00000000       0x20 ./FreeRTOS/efm32wg/tasks.o
 .text.vTaskPriorityInherit
                0x00000000       0x9c ./FreeRTOS/efm32wg/tasks.o
 .text.xTaskPriorityDisinherit
                0x00000000       0xac ./FreeRTOS/efm32wg/tasks.o
 .text.uxTaskResetEventItemValue
                0x00000000       0x18 ./FreeRTOS/efm32wg/tasks.o
 .text.pvTaskIncrementMutexHeldCount
                0x00000000       0x18 ./FreeRTOS/efm32wg/tasks.o
 .text.ulTaskNotifyTake
                0x00000000       0xe0 ./FreeRTOS/efm32wg/tasks.o
 .text.xTaskNotifyWait
                0x00000000      0x104 ./FreeRTOS/efm32wg/tasks.o
 .text.xTaskGenericNotify
                0x00000000       0xf4 ./FreeRTOS/efm32wg/tasks.o
 .text.xTaskGenericNotifyFromISR
                0x00000000      0x108 ./FreeRTOS/efm32wg/tasks.o
 .text.vTaskNotifyGiveFromISR
                0x00000000       0xdc ./FreeRTOS/efm32wg/tasks.o
 .text.xTaskNotifyStateClear
                0x00000000       0x30 ./FreeRTOS/efm32wg/tasks.o
 .bss.xSchedulerRunning
                0x00000000        0x4 ./FreeRTOS/efm32wg/tasks.o
 .bss.xTasksWaitingTermination
                0x00000000       0x14 ./FreeRTOS/efm32wg/tasks.o
 .bss.xSuspendedTaskList
                0x00000000       0x14 ./FreeRTOS/efm32wg/tasks.o
 .bss.uxDeletedTasksWaitingCleanUp
                0x00000000        0x4 ./FreeRTOS/efm32wg/tasks.o
 .bss.xPendingReadyList
                0x00000000       0x14 ./FreeRTOS/efm32wg/tasks.o
 .bss.xIdleTaskHandle
                0x00000000        0x4 ./FreeRTOS/efm32wg/tasks.o
 .bss.uxTaskNumber
                0x00000000        0x4 ./FreeRTOS/efm32wg/tasks.o
 .bss.xDelayedTaskList1
                0x00000000       0x14 ./FreeRTOS/efm32wg/tasks.o
 .bss.xDelayedTaskList2
                0x00000000       0x14 ./FreeRTOS/efm32wg/tasks.o
 .bss.uxCurrentNumberOfTasks
                0x00000000        0x4 ./FreeRTOS/efm32wg/tasks.o
 .text          0x00000000        0x0 ./FreeRTOS/efm32wg/timers.o
 .data          0x00000000        0x0 ./FreeRTOS/efm32wg/timers.o
 .bss           0x00000000        0x0 ./FreeRTOS/efm32wg/timers.o
 .text.prvSwitchTimerLists
                0x00000000       0xa0 ./FreeRTOS/efm32wg/timers.o
 .text.xTimerCreateTimerTask
                0x00000000       0x98 ./FreeRTOS/efm32wg/timers.o
 .text.xTimerCreate
                0x00000000       0xac ./FreeRTOS/efm32wg/timers.o
 .text.xTimerGenericCommand
                0x00000000       0x6c ./FreeRTOS/efm32wg/timers.o
 .text.prvTimerTask
                0x00000000      0x248 ./FreeRTOS/efm32wg/timers.o
 .text.xTimerGetTimerDaemonTaskHandle
                0x00000000       0x20 ./FreeRTOS/efm32wg/timers.o
 .text.xTimerGetPeriod
                0x00000000       0x1c ./FreeRTOS/efm32wg/timers.o
 .text.xTimerGetExpiryTime
                0x00000000       0x1c ./FreeRTOS/efm32wg/timers.o
 .text.pcTimerGetName
                0x00000000       0x1c ./FreeRTOS/efm32wg/timers.o
 .text.xTimerIsTimerActive
                0x00000000       0x2c ./FreeRTOS/efm32wg/timers.o
 .text.pvTimerGetTimerID
                0x00000000       0x24 ./FreeRTOS/efm32wg/timers.o
 .text.vTimerSetTimerID
                0x00000000       0x34 ./FreeRTOS/efm32wg/timers.o
 .bss.pxCurrentTimerList
                0x00000000        0x4 ./FreeRTOS/efm32wg/timers.o
 .bss.xActiveTimerList1
                0x00000000       0x14 ./FreeRTOS/efm32wg/timers.o
 .bss.xActiveTimerList2
                0x00000000       0x14 ./FreeRTOS/efm32wg/timers.o
 .rodata.str1.4
                0x00000000       0x84 ./FreeRTOS/efm32wg/timers.o
 .bss.xTimerQueue
                0x00000000        0x4 ./FreeRTOS/efm32wg/timers.o
 .bss.xLastTime.4988
                0x00000000        0x4 ./FreeRTOS/efm32wg/timers.o
 .bss.pxOverflowTimerList
                0x00000000        0x4 ./FreeRTOS/efm32wg/timers.o
 .bss.xTimerTaskHandle
                0x00000000        0x4 ./FreeRTOS/efm32wg/timers.o
 .debug_info    0x00000000     0x1476 ./FreeRTOS/efm32wg/timers.o
 .debug_abbrev  0x00000000      0x316 ./FreeRTOS/efm32wg/timers.o
 .debug_loc     0x00000000      0xe11 ./FreeRTOS/efm32wg/timers.o
 .debug_aranges
                0x00000000       0x78 ./FreeRTOS/efm32wg/timers.o
 .debug_ranges  0x00000000      0x238 ./FreeRTOS/efm32wg/timers.o
 .debug_line    0x00000000      0x678 ./FreeRTOS/efm32wg/timers.o
 .debug_str     0x00000000      0x8d2 ./FreeRTOS/efm32wg/timers.o
 .comment       0x00000000       0x71 ./FreeRTOS/efm32wg/timers.o
 .debug_frame   0x00000000      0x1ac ./FreeRTOS/efm32wg/timers.o
 .ARM.attributes
                0x00000000       0x37 ./FreeRTOS/efm32wg/timers.o
 .text          0x00000000        0x0 ./emlib/em_assert.o
 .data          0x00000000        0x0 ./emlib/em_assert.o
 .bss           0x00000000        0x0 ./emlib/em_assert.o
 .text          0x00000000        0x0 ./emlib/em_burtc.o
 .data          0x00000000        0x0 ./emlib/em_burtc.o
 .bss           0x00000000        0x0 ./emlib/em_burtc.o
 .text.BURTC_Init
                0x00000000      0x110 ./emlib/em_burtc.o
 .text.BURTC_CompareSet
                0x00000000       0x34 ./emlib/em_burtc.o
 .text.BURTC_CompareGet
                0x00000000       0x1c ./emlib/em_burtc.o
 .text.BURTC_CounterReset
                0x00000000       0x10 ./emlib/em_burtc.o
 .text.BURTC_Reset
                0x00000000       0x18 ./emlib/em_burtc.o
 .text.BURTC_ClockFreqGet
                0x00000000       0x4c ./emlib/em_burtc.o
 .rodata.str1.4
                0x00000000       0xcd ./emlib/em_burtc.o
 .debug_info    0x00000000      0x9e0 ./emlib/em_burtc.o
 .debug_abbrev  0x00000000      0x312 ./emlib/em_burtc.o
 .debug_loc     0x00000000      0x3ad ./emlib/em_burtc.o
 .debug_aranges
                0x00000000       0x48 ./emlib/em_burtc.o
 .debug_ranges  0x00000000       0xe8 ./emlib/em_burtc.o
 .debug_line    0x00000000      0x462 ./emlib/em_burtc.o
 .debug_str     0x00000000      0x51d ./emlib/em_burtc.o
 .comment       0x00000000       0x71 ./emlib/em_burtc.o
 .debug_frame   0x00000000       0x9c ./emlib/em_burtc.o
 .ARM.attributes
                0x00000000       0x37 ./emlib/em_burtc.o
 .text          0x00000000        0x0 ./emlib/em_cmu.o
 .data          0x00000000        0x0 ./emlib/em_cmu.o
 .bss           0x00000000        0x0 ./emlib/em_cmu.o
 .text.CMU_AUXHFRCOBandGet
                0x00000000       0x10 ./emlib/em_cmu.o
 .text.CMU_AUXHFRCOBandSet
                0x00000000       0x7c ./emlib/em_cmu.o
 .text.CMU_Calibrate
                0x00000000       0x7c ./emlib/em_cmu.o
 .text.CMU_CalibrateConfig
                0x00000000       0xac ./emlib/em_cmu.o
 .text.CMU_CalibrateCountGet
                0x00000000       0x20 ./emlib/em_cmu.o
 .text.CMU_ClockDivGet
                0x00000000      0x104 ./emlib/em_cmu.o
 .text.CMU_FreezeEnable
                0x00000000       0x1c ./emlib/em_cmu.o
 .text.CMU_HFRCOBandGet
                0x00000000       0x10 ./emlib/em_cmu.o
 .text.CMU_HFRCOBandSet
                0x00000000      0x1ac ./emlib/em_cmu.o
 .text.CMU_HFRCOStartupDelayGet
                0x00000000       0x10 ./emlib/em_cmu.o
 .text.CMU_HFRCOStartupDelaySet
                0x00000000       0x30 ./emlib/em_cmu.o
 .text.CMU_HFXOInit
                0x00000000       0x5c ./emlib/em_cmu.o
 .text.CMU_LCDClkFDIVGet
                0x00000000       0x10 ./emlib/em_cmu.o
 .text.CMU_LFXOInit
                0x00000000       0x54 ./emlib/em_cmu.o
 .text.CMU_OscillatorEnable
                0x00000000       0x84 ./emlib/em_cmu.o
 .text.CMU_OscillatorTuningGet
                0x00000000       0x40 ./emlib/em_cmu.o
 .text.CMU_OscillatorTuningSet
                0x00000000       0x88 ./emlib/em_cmu.o
 .text.CMU_PCNTClockExternalGet
                0x00000000       0x30 ./emlib/em_cmu.o
 .text.CMU_PCNTClockExternalSet
                0x00000000       0x28 ./emlib/em_cmu.o
 .text          0x00000000        0x0 ./emlib/em_core.o
 .data          0x00000000        0x0 ./emlib/em_core.o
 .bss           0x00000000        0x0 ./emlib/em_core.o
 .text.CORE_CriticalDisableIrq
                0x00000000        0x4 ./emlib/em_core.o
 .text.CORE_CriticalEnableIrq
                0x00000000        0x4 ./emlib/em_core.o
 .text.CORE_EnterCritical
                0x00000000        0x8 ./emlib/em_core.o
 .text.CORE_ExitCritical
                0x00000000        0x8 ./emlib/em_core.o
 .text.CORE_YieldCritical
                0x00000000       0x10 ./emlib/em_core.o
 .text.CORE_AtomicDisableIrq
                0x00000000        0x4 ./emlib/em_core.o
 .text.CORE_AtomicEnableIrq
                0x00000000        0x4 ./emlib/em_core.o
 .text.CORE_EnterAtomic
                0x00000000        0x8 ./emlib/em_core.o
 .text.CORE_ExitAtomic
                0x00000000        0x8 ./emlib/em_core.o
 .text.CORE_YieldAtomic
                0x00000000       0x10 ./emlib/em_core.o
 .text.CORE_EnterNvicMask
                0x00000000       0x2c ./emlib/em_core.o
 .text.CORE_NvicDisableMask
                0x00000000       0x20 ./emlib/em_core.o
 .text.CORE_NvicEnableMask
                0x00000000       0x20 ./emlib/em_core.o
 .text.CORE_YieldNvicMask
                0x00000000       0x38 ./emlib/em_core.o
 .text.CORE_NvicMaskSetIRQ
                0x00000000       0x30 ./emlib/em_core.o
 .text.CORE_NvicMaskClearIRQ
                0x00000000       0x34 ./emlib/em_core.o
 .text.CORE_InIrqContext
                0x00000000       0x14 ./emlib/em_core.o
 .text.CORE_IrqIsBlocked
                0x00000000       0xc4 ./emlib/em_core.o
 .text.CORE_IrqIsDisabled
                0x00000000        0xc ./emlib/em_core.o
 .text.CORE_GetNvicEnabledMask
                0x00000000       0x20 ./emlib/em_core.o
 .text.CORE_GetNvicMaskDisableState
                0x00000000       0x2c ./emlib/em_core.o
 .text.CORE_NvicIRQDisabled
                0x00000000       0x38 ./emlib/em_core.o
 .text.CORE_GetNvicRamTableHandler
                0x00000000       0x2c ./emlib/em_core.o
 .text.CORE_SetNvicRamTableHandler
                0x00000000       0x30 ./emlib/em_core.o
 .text.CORE_InitNvicVectorTable
                0x00000000       0xcc ./emlib/em_core.o
 .rodata.str1.4
                0x00000000       0x64 ./emlib/em_core.o
 .debug_info    0x00000000      0xf47 ./emlib/em_core.o
 .debug_abbrev  0x00000000      0x2f3 ./emlib/em_core.o
 .debug_loc     0x00000000      0x867 ./emlib/em_core.o
 .debug_aranges
                0x00000000       0xe0 ./emlib/em_core.o
 .debug_ranges  0x00000000      0x100 ./emlib/em_core.o
 .debug_line    0x00000000      0x5f2 ./emlib/em_core.o
 .debug_str     0x00000000      0x870 ./emlib/em_core.o
 .comment       0x00000000       0x71 ./emlib/em_core.o
 .debug_frame   0x00000000      0x234 ./emlib/em_core.o
 .ARM.attributes
                0x00000000       0x37 ./emlib/em_core.o
 .text          0x00000000        0x0 ./emlib/em_emu.o
 .data          0x00000000        0x0 ./emlib/em_emu.o
 .bss           0x00000000        0x0 ./emlib/em_emu.o
 .text.EMU_EnterEM2
                0x00000000       0xe8 ./emlib/em_emu.o
 .text.EMU_EnterEM3
                0x00000000      0x104 ./emlib/em_emu.o
 .text.EMU_Restore
                0x00000000       0x58 ./emlib/em_emu.o
 .text.EMU_EnterEM4
                0x00000000       0x30 ./emlib/em_emu.o
 .text.EMU_MemPwrDown
                0x00000000        0x4 ./emlib/em_emu.o
 .text.EMU_RamPowerDown
                0x00000000        0x4 ./emlib/em_emu.o
 .text.EMU_UpdateOscConfig
                0x00000000       0x24 ./emlib/em_emu.o
 .text.EMU_EM23Init
                0x00000000       0x24 ./emlib/em_emu.o
 .text.EMU_EM4Init
                0x00000000       0x2c ./emlib/em_emu.o
 .text.EMU_BUPDInit
                0x00000000       0x88 ./emlib/em_emu.o
 .text.EMU_BUThresholdSet
                0x00000000       0x50 ./emlib/em_emu.o
 .text.EMU_BUThresRangeSet
                0x00000000       0x54 ./emlib/em_emu.o
 .bss.cmuStatus.6159
                0x00000000        0x4 ./emlib/em_emu.o
 .rodata.str1.4
                0x00000000       0x63 ./emlib/em_emu.o
 .bss.hfClock.6160
                0x00000000        0x1 ./emlib/em_emu.o
 .debug_info    0x00000000     0x148f ./emlib/em_emu.o
 .debug_abbrev  0x00000000      0x3a4 ./emlib/em_emu.o
 .debug_loc     0x00000000      0x56f ./emlib/em_emu.o
 .debug_aranges
                0x00000000       0x78 ./emlib/em_emu.o
 .debug_ranges  0x00000000      0x1b0 ./emlib/em_emu.o
 .debug_line    0x00000000      0x64f ./emlib/em_emu.o
 .debug_str     0x00000000      0xc2e ./emlib/em_emu.o
 .comment       0x00000000       0x71 ./emlib/em_emu.o
 .debug_frame   0x00000000      0x160 ./emlib/em_emu.o
 .ARM.attributes
                0x00000000       0x37 ./emlib/em_emu.o
 .text          0x00000000        0x0 ./emlib/em_gpio.o
 .data          0x00000000        0x0 ./emlib/em_gpio.o
 .bss           0x00000000        0x0 ./emlib/em_gpio.o
 .text.GPIO_DbgLocationSet
                0x00000000       0x2c ./emlib/em_gpio.o
 .text.GPIO_DriveModeSet
                0x00000000       0x34 ./emlib/em_gpio.o
 .text.GPIO_ExtIntConfig
                0x00000000       0xa8 ./emlib/em_gpio.o
 .text.GPIO_PinModeSet
                0x00000000      0x178 ./emlib/em_gpio.o
 .text.GPIO_PinModeGet
                0x00000000       0x60 ./emlib/em_gpio.o
 .text.GPIO_EM4EnablePinWakeup
                0x00000000       0x68 ./emlib/em_gpio.o
 .rodata.str1.4
                0x00000000       0xc8 ./emlib/em_gpio.o
 .debug_info    0x00000000      0x931 ./emlib/em_gpio.o
 .debug_abbrev  0x00000000      0x25d ./emlib/em_gpio.o
 .debug_loc     0x00000000      0x871 ./emlib/em_gpio.o
 .debug_aranges
                0x00000000       0x48 ./emlib/em_gpio.o
 .debug_ranges  0x00000000      0x130 ./emlib/em_gpio.o
 .debug_line    0x00000000      0x4cf ./emlib/em_gpio.o
 .debug_str     0x00000000      0x615 ./emlib/em_gpio.o
 .comment       0x00000000       0x71 ./emlib/em_gpio.o
 .debug_frame   0x00000000       0xc4 ./emlib/em_gpio.o
 .ARM.attributes
                0x00000000       0x37 ./emlib/em_gpio.o
 .text          0x00000000        0x0 ./emlib/em_lcd.o
 .data          0x00000000        0x0 ./emlib/em_lcd.o
 .bss           0x00000000        0x0 ./emlib/em_lcd.o
 .text.LCD_UpdateCtrl
                0x00000000       0x14 ./emlib/em_lcd.o
 .text.LCD_FrameCountInit
                0x00000000       0x54 ./emlib/em_lcd.o
 .text.LCD_AnimInit
                0x00000000       0x64 ./emlib/em_lcd.o
 .text.LCD_ContrastSet
                0x00000000       0x2c ./emlib/em_lcd.o
 .text.LCD_BiasSegmentSet
                0x00000000       0xb0 ./emlib/em_lcd.o
 .text.LCD_BiasComSet
                0x00000000       0x38 ./emlib/em_lcd.o
 .text          0x00000000        0x0 ./emlib/em_rmu.o
 .data          0x00000000        0x0 ./emlib/em_rmu.o
 .bss           0x00000000        0x0 ./emlib/em_rmu.o
 .text.RMU_ResetControl
                0x00000000       0x20 ./emlib/em_rmu.o
 .text.RMU_ResetCauseClear
                0x00000000       0x3c ./emlib/em_rmu.o
 .text.RMU_ResetCauseGet
                0x00000000       0xf4 ./emlib/em_rmu.o
 .debug_info    0x00000000      0x5cc ./emlib/em_rmu.o
 .debug_abbrev  0x00000000      0x277 ./emlib/em_rmu.o
 .debug_loc     0x00000000      0x3e2 ./emlib/em_rmu.o
 .debug_aranges
                0x00000000       0x30 ./emlib/em_rmu.o
 .debug_ranges  0x00000000       0xb0 ./emlib/em_rmu.o
 .debug_line    0x00000000      0x3e0 ./emlib/em_rmu.o
 .debug_str     0x00000000      0x410 ./emlib/em_rmu.o
 .comment       0x00000000       0x71 ./emlib/em_rmu.o
 .debug_frame   0x00000000       0x4c ./emlib/em_rmu.o
 .ARM.attributes
                0x00000000       0x37 ./emlib/em_rmu.o
 .text          0x00000000        0x0 ./emlib/em_rtc.o
 .data          0x00000000        0x0 ./emlib/em_rtc.o
 .bss           0x00000000        0x0 ./emlib/em_rtc.o
 .text.RTC_FreezeEnable
                0x00000000       0x14 ./emlib/em_rtc.o
 .text.RTC_Init
                0x00000000       0x1c ./emlib/em_rtc.o
 .text.RTC_Reset
                0x00000000       0x18 ./emlib/em_rtc.o
 .text.RTC_CounterReset
                0x00000000       0x10 ./emlib/em_rtc.o
 .text          0x00000000        0x0 ./emlib/em_system.o
 .data          0x00000000        0x0 ./emlib/em_system.o
 .bss           0x00000000        0x0 ./emlib/em_system.o
 .text.SYSTEM_ChipRevisionGet
                0x00000000       0x48 ./emlib/em_system.o
 .text.SYSTEM_GetCalibrationValue
                0x00000000       0x2c ./emlib/em_system.o
 .rodata.str1.4
                0x00000000       0x66 ./emlib/em_system.o
 .debug_info    0x00000000      0x2b4 ./emlib/em_system.o
 .debug_abbrev  0x00000000      0x13a ./emlib/em_system.o
 .debug_loc     0x00000000       0xe5 ./emlib/em_system.o
 .debug_aranges
                0x00000000       0x28 ./emlib/em_system.o
 .debug_ranges  0x00000000       0x18 ./emlib/em_system.o
 .debug_line    0x00000000      0x323 ./emlib/em_system.o
 .debug_str     0x00000000      0x2f9 ./emlib/em_system.o
 .comment       0x00000000       0x71 ./emlib/em_system.o
 .debug_frame   0x00000000       0x38 ./emlib/em_system.o
 .ARM.attributes
                0x00000000       0x37 ./emlib/em_system.o
 .text          0x00000000        0x0 ./src/low_power_tick_management.o
 .data          0x00000000        0x0 ./src/low_power_tick_management.o
 .bss           0x00000000        0x0 ./src/low_power_tick_management.o
 .text.vPortSetupTimerInterrupt
                0x00000000       0x9c ./src/low_power_tick_management.o
 .text.vPortSuppressTicksAndSleep
                0x00000000       0xb0 ./src/low_power_tick_management.o
 .bss.xMaximumPossibleSuppressedTicks
                0x00000000        0x4 ./src/low_power_tick_management.o
 .text          0x00000000        0x0 ./src/main.o
 .data          0x00000000        0x0 ./src/main.o
 .bss           0x00000000        0x0 ./src/main.o
 .text.SysTick_Handler
                0x00000000       0x10 ./src/main.o
 .text.Delay    0x00000000       0x10 ./src/main.o
 .text          0x00000000        0x0 c:/siliconlabs/simplicitystudio/v4/developer/toolchains/gnu_arm/4.9_2015q3/bin/../lib/gcc/arm-none-eabi/4.9.3/../../../../arm-none-eabi/lib/armv7e-m/softfp\libc_nano.a(lib_a-exit.o)
 .data          0x00000000        0x0 c:/siliconlabs/simplicitystudio/v4/developer/toolchains/gnu_arm/4.9_2015q3/bin/../lib/gcc/arm-none-eabi/4.9.3/../../../../arm-none-eabi/lib/armv7e-m/softfp\libc_nano.a(lib_a-exit.o)
 .bss           0x00000000        0x0 c:/siliconlabs/simplicitystudio/v4/developer/toolchains/gnu_arm/4.9_2015q3/bin/../lib/gcc/arm-none-eabi/4.9.3/../../../../arm-none-eabi/lib/armv7e-m/softfp\libc_nano.a(lib_a-exit.o)
 .text          0x00000000        0x0 c:/siliconlabs/simplicitystudio/v4/developer/toolchains/gnu_arm/4.9_2015q3/bin/../lib/gcc/arm-none-eabi/4.9.3/../../../../arm-none-eabi/lib/armv7e-m/softfp\libc_nano.a(lib_a-impure.o)
 .data          0x00000000        0x0 c:/siliconlabs/simplicitystudio/v4/developer/toolchains/gnu_arm/4.9_2015q3/bin/../lib/gcc/arm-none-eabi/4.9.3/../../../../arm-none-eabi/lib/armv7e-m/softfp\libc_nano.a(lib_a-impure.o)
 .bss           0x00000000        0x0 c:/siliconlabs/simplicitystudio/v4/developer/toolchains/gnu_arm/4.9_2015q3/bin/../lib/gcc/arm-none-eabi/4.9.3/../../../../arm-none-eabi/lib/armv7e-m/softfp\libc_nano.a(lib_a-impure.o)
 .data._impure_ptr
                0x00000000        0x4 c:/siliconlabs/simplicitystudio/v4/developer/toolchains/gnu_arm/4.9_2015q3/bin/../lib/gcc/arm-none-eabi/4.9.3/../../../../arm-none-eabi/lib/armv7e-m/softfp\libc_nano.a(lib_a-impure.o)
 .text          0x00000000        0x0 c:/siliconlabs/simplicitystudio/v4/developer/toolchains/gnu_arm/4.9_2015q3/bin/../lib/gcc/arm-none-eabi/4.9.3/../../../../arm-none-eabi/lib/armv7e-m/softfp\libc_nano.a(lib_a-init.o)
 .data          0x00000000        0x0 c:/siliconlabs/simplicitystudio/v4/developer/toolchains/gnu_arm/4.9_2015q3/bin/../lib/gcc/arm-none-eabi/4.9.3/../../../../arm-none-eabi/lib/armv7e-m/softfp\libc_nano.a(lib_a-init.o)
 .bss           0x00000000        0x0 c:/siliconlabs/simplicitystudio/v4/developer/toolchains/gnu_arm/4.9_2015q3/bin/../lib/gcc/arm-none-eabi/4.9.3/../../../../arm-none-eabi/lib/armv7e-m/softfp\libc_nano.a(lib_a-init.o)
 .text          0x00000000        0x0 c:/siliconlabs/simplicitystudio/v4/developer/toolchains/gnu_arm/4.9_2015q3/bin/../lib/gcc/arm-none-eabi/4.9.3/../../../../arm-none-eabi/lib/armv7e-m/softfp\libc_nano.a(lib_a-memcpy.o)
 .data          0x00000000        0x0 c:/siliconlabs/simplicitystudio/v4/developer/toolchains/gnu_arm/4.9_2015q3/bin/../lib/gcc/arm-none-eabi/4.9.3/../../../../arm-none-eabi/lib/armv7e-m/softfp\libc_nano.a(lib_a-memcpy.o)
 .bss           0x00000000        0x0 c:/siliconlabs/simplicitystudio/v4/developer/toolchains/gnu_arm/4.9_2015q3/bin/../lib/gcc/arm-none-eabi/4.9.3/../../../../arm-none-eabi/lib/armv7e-m/softfp\libc_nano.a(lib_a-memcpy.o)
 .text.memcpy   0x00000000       0x16 c:/siliconlabs/simplicitystudio/v4/developer/toolchains/gnu_arm/4.9_2015q3/bin/../lib/gcc/arm-none-eabi/4.9.3/../../../../arm-none-eabi/lib/armv7e-m/softfp\libc_nano.a(lib_a-memcpy.o)
 .debug_frame   0x00000000       0x28 c:/siliconlabs/simplicitystudio/v4/developer/toolchains/gnu_arm/4.9_2015q3/bin/../lib/gcc/arm-none-eabi/4.9.3/../../../../arm-none-eabi/lib/armv7e-m/softfp\libc_nano.a(lib_a-memcpy.o)
 .ARM.attributes
                0x00000000       0x32 c:/siliconlabs/simplicitystudio/v4/developer/toolchains/gnu_arm/4.9_2015q3/bin/../lib/gcc/arm-none-eabi/4.9.3/../../../../arm-none-eabi/lib/armv7e-m/softfp\libc_nano.a(lib_a-memcpy.o)
 .text          0x00000000        0x0 c:/siliconlabs/simplicitystudio/v4/developer/toolchains/gnu_arm/4.9_2015q3/bin/../lib/gcc/arm-none-eabi/4.9.3/../../../../arm-none-eabi/lib/armv7e-m/softfp\libc_nano.a(lib_a-memset.o)
 .data          0x00000000        0x0 c:/siliconlabs/simplicitystudio/v4/developer/toolchains/gnu_arm/4.9_2015q3/bin/../lib/gcc/arm-none-eabi/4.9.3/../../../../arm-none-eabi/lib/armv7e-m/softfp\libc_nano.a(lib_a-memset.o)
 .bss           0x00000000        0x0 c:/siliconlabs/simplicitystudio/v4/developer/toolchains/gnu_arm/4.9_2015q3/bin/../lib/gcc/arm-none-eabi/4.9.3/../../../../arm-none-eabi/lib/armv7e-m/softfp\libc_nano.a(lib_a-memset.o)
 .text          0x00000000        0x0 c:/siliconlabs/simplicitystudio/v4/developer/toolchains/gnu_arm/4.9_2015q3/bin/../lib/gcc/arm-none-eabi/4.9.3/../../../../arm-none-eabi/lib/armv7e-m/softfp\libc_nano.a(lib_a-strlen.o)
 .data          0x00000000        0x0 c:/siliconlabs/simplicitystudio/v4/developer/toolchains/gnu_arm/4.9_2015q3/bin/../lib/gcc/arm-none-eabi/4.9.3/../../../../arm-none-eabi/lib/armv7e-m/softfp\libc_nano.a(lib_a-strlen.o)
 .bss           0x00000000        0x0 c:/siliconlabs/simplicitystudio/v4/developer/toolchains/gnu_arm/4.9_2015q3/bin/../lib/gcc/arm-none-eabi/4.9.3/../../../../arm-none-eabi/lib/armv7e-m/softfp\libc_nano.a(lib_a-strlen.o)
 .text          0x00000000        0x0 c:/siliconlabs/simplicitystudio/v4/developer/toolchains/gnu_arm/4.9_2015q3/bin/../lib/gcc/arm-none-eabi/4.9.3/../../../../arm-none-eabi/lib/armv7e-m/softfp\libnosys.a(_exit.o)
 .data          0x00000000        0x0 c:/siliconlabs/simplicitystudio/v4/developer/toolchains/gnu_arm/4.9_2015q3/bin/../lib/gcc/arm-none-eabi/4.9.3/../../../../arm-none-eabi/lib/armv7e-m/softfp\libnosys.a(_exit.o)
 .bss           0x00000000        0x0 c:/siliconlabs/simplicitystudio/v4/developer/toolchains/gnu_arm/4.9_2015q3/bin/../lib/gcc/arm-none-eabi/4.9.3/../../../../arm-none-eabi/lib/armv7e-m/softfp\libnosys.a(_exit.o)
 .text          0x00000000        0x0 c:/siliconlabs/simplicitystudio/v4/developer/toolchains/gnu_arm/4.9_2015q3/bin/../lib/gcc/arm-none-eabi/4.9.3/armv7e-m/softfp/crtend.o
 .data          0x00000000        0x0 c:/siliconlabs/simplicitystudio/v4/developer/toolchains/gnu_arm/4.9_2015q3/bin/../lib/gcc/arm-none-eabi/4.9.3/armv7e-m/softfp/crtend.o
 .bss           0x00000000        0x0 c:/siliconlabs/simplicitystudio/v4/developer/toolchains/gnu_arm/4.9_2015q3/bin/../lib/gcc/arm-none-eabi/4.9.3/armv7e-m/softfp/crtend.o
 .text          0x00000000        0x0 c:/siliconlabs/simplicitystudio/v4/developer/toolchains/gnu_arm/4.9_2015q3/bin/../lib/gcc/arm-none-eabi/4.9.3/armv7e-m/softfp/crtn.o
 .data          0x00000000        0x0 c:/siliconlabs/simplicitystudio/v4/developer/toolchains/gnu_arm/4.9_2015q3/bin/../lib/gcc/arm-none-eabi/4.9.3/armv7e-m/softfp/crtn.o
 .bss           0x00000000        0x0 c:/siliconlabs/simplicitystudio/v4/developer/toolchains/gnu_arm/4.9_2015q3/bin/../lib/gcc/arm-none-eabi/4.9.3/armv7e-m/softfp/crtn.o

Memory Configuration

Name             Origin             Length             Attributes
FLASH            0x00000000         0x00040000         xr
RAM              0x20000000         0x00008000         xrw
*default*        0x00000000         0xffffffff

Linker script and memory map

LOAD c:/siliconlabs/simplicitystudio/v4/developer/toolchains/gnu_arm/4.9_2015q3/bin/../lib/gcc/arm-none-eabi/4.9.3/armv7e-m/softfp/crti.o
LOAD c:/siliconlabs/simplicitystudio/v4/developer/toolchains/gnu_arm/4.9_2015q3/bin/../lib/gcc/arm-none-eabi/4.9.3/armv7e-m/softfp/crtbegin.o
LOAD c:/siliconlabs/simplicitystudio/v4/developer/toolchains/gnu_arm/4.9_2015q3/bin/../lib/gcc/arm-none-eabi/4.9.3/../../../../arm-none-eabi/lib/armv7e-m/softfp/crt0.o
LOAD ./BSP/bsp_trace.o
LOAD ./CMSIS/EFM32WG/startup_efm32wg.o
LOAD ./CMSIS/EFM32WG/system_efm32wg.o
LOAD ./Drivers/segmentlcd.o
LOAD ./Drivers/sleep.o
LOAD ./FreeRTOS/efm32wg/croutine.o
LOAD ./FreeRTOS/efm32wg/event_groups.o
LOAD ./FreeRTOS/efm32wg/heap_1.o
LOAD ./FreeRTOS/efm32wg/list.o
LOAD ./FreeRTOS/efm32wg/port.o
LOAD ./FreeRTOS/efm32wg/queue.o
LOAD ./FreeRTOS/efm32wg/tasks.o
LOAD ./FreeRTOS/efm32wg/timers.o
LOAD ./emlib/em_assert.o
LOAD ./emlib/em_burtc.o
LOAD ./emlib/em_cmu.o
LOAD ./emlib/em_core.o
LOAD ./emlib/em_emu.o
LOAD ./emlib/em_gpio.o
LOAD ./emlib/em_lcd.o
LOAD ./emlib/em_rmu.o
LOAD ./emlib/em_rtc.o
LOAD ./emlib/em_system.o
LOAD ./src/low_power_tick_management.o
LOAD ./src/main.o
START GROUP
LOAD c:/siliconlabs/simplicitystudio/v4/developer/toolchains/gnu_arm/4.9_2015q3/bin/../lib/gcc/arm-none-eabi/4.9.3/armv7e-m/softfp\libgcc.a
LOAD c:/siliconlabs/simplicitystudio/v4/developer/toolchains/gnu_arm/4.9_2015q3/bin/../lib/gcc/arm-none-eabi/4.9.3/../../../../arm-none-eabi/lib/armv7e-m/softfp\libc_nano.a
LOAD c:/siliconlabs/simplicitystudio/v4/developer/toolchains/gnu_arm/4.9_2015q3/bin/../lib/gcc/arm-none-eabi/4.9.3/../../../../arm-none-eabi/lib/armv7e-m/softfp\libnosys.a
END GROUP
START GROUP
LOAD c:/siliconlabs/simplicitystudio/v4/developer/toolchains/gnu_arm/4.9_2015q3/bin/../lib/gcc/arm-none-eabi/4.9.3/armv7e-m/softfp\libgcc.a
LOAD c:/siliconlabs/simplicitystudio/v4/developer/toolchains/gnu_arm/4.9_2015q3/bin/../lib/gcc/arm-none-eabi/4.9.3/../../../../arm-none-eabi/lib/armv7e-m/softfp\libg_nano.a
LOAD c:/siliconlabs/simplicitystudio/v4/developer/toolchains/gnu_arm/4.9_2015q3/bin/../lib/gcc/arm-none-eabi/4.9.3/../../../../arm-none-eabi/lib/armv7e-m/softfp\libc_nano.a
END GROUP
START GROUP
LOAD c:/siliconlabs/simplicitystudio/v4/developer/toolchains/gnu_arm/4.9_2015q3/bin/../lib/gcc/arm-none-eabi/4.9.3/armv7e-m/softfp\libgcc.a
LOAD c:/siliconlabs/simplicitystudio/v4/developer/toolchains/gnu_arm/4.9_2015q3/bin/../lib/gcc/arm-none-eabi/4.9.3/../../../../arm-none-eabi/lib/armv7e-m/softfp\libc_nano.a
END GROUP
LOAD c:/siliconlabs/simplicitystudio/v4/developer/toolchains/gnu_arm/4.9_2015q3/bin/../lib/gcc/arm-none-eabi/4.9.3/armv7e-m/softfp/crtend.o
LOAD c:/siliconlabs/simplicitystudio/v4/developer/toolchains/gnu_arm/4.9_2015q3/bin/../lib/gcc/arm-none-eabi/4.9.3/armv7e-m/softfp/crtn.o

.text           0x00000000     0x2498
 *(.vectors)
 .vectors       0x00000000       0xe0 ./CMSIS/EFM32WG/startup_efm32wg.o
                0x00000000                __Vectors
                0x000000e0                __Vectors_End = .
                0x000000e0                __Vectors_Size = (__Vectors_End - __Vectors)
                0x000000e0                __end__ = .
 *(.text*)
 .text          0x000000e0       0x5c c:/siliconlabs/simplicitystudio/v4/developer/toolchains/gnu_arm/4.9_2015q3/bin/../lib/gcc/arm-none-eabi/4.9.3/armv7e-m/softfp/crtbegin.o
 .text          0x0000013c       0x74 c:/siliconlabs/simplicitystudio/v4/developer/toolchains/gnu_arm/4.9_2015q3/bin/../lib/gcc/arm-none-eabi/4.9.3/../../../../arm-none-eabi/lib/armv7e-m/softfp/crt0.o
                0x0000013c                _start
                0x0000013c                _mainCRTStartup
 .text.BSP_TraceSwoSetup
                0x000001b0       0xd4 ./BSP/bsp_trace.o
                0x000001b0                BSP_TraceSwoSetup
 .text.BSP_TraceProfilerSetup
                0x00000284       0x14 ./BSP/bsp_trace.o
                0x00000284                BSP_TraceProfilerSetup
 .text          0x00000298       0x30 ./CMSIS/EFM32WG/startup_efm32wg.o
                0x00000298                Reset_Handler
                0x000002c4                DebugMon_Handler
                0x000002c4                USART0_TX_IRQHandler
                0x000002c4                I2C0_IRQHandler
                0x000002c4                HardFault_Handler
                0x000002c4                LEUART1_IRQHandler
                0x000002c4                USART1_RX_IRQHandler
                0x000002c4                NMI_Handler
                0x000002c4                I2C1_IRQHandler
                0x000002c4                TIMER3_IRQHandler
                0x000002c4                USART1_TX_IRQHandler
                0x000002c4                MSC_IRQHandler
                0x000002c4                ADC0_IRQHandler
                0x000002c4                UsageFault_Handler
                0x000002c4                LEUART0_IRQHandler
                0x000002c4                FPUEH_IRQHandler
                0x000002c4                GPIO_EVEN_IRQHandler
                0x000002c4                UART0_TX_IRQHandler
                0x000002c4                UART1_TX_IRQHandler
                0x000002c4                TIMER0_IRQHandler
                0x000002c4                TIMER2_IRQHandler
                0x000002c4                LCD_IRQHandler
                0x000002c4                PCNT2_IRQHandler
                0x000002c4                UART0_RX_IRQHandler
                0x000002c4                LETIMER0_IRQHandler
                0x000002c4                TIMER1_IRQHandler
                0x000002c4                USART2_RX_IRQHandler
                0x000002c4                Default_Handler
                0x000002c4                EMU_IRQHandler
                0x000002c4                PCNT0_IRQHandler
                0x000002c4                USB_IRQHandler
                0x000002c4                BURTC_IRQHandler
                0x000002c4                PCNT1_IRQHandler
                0x000002c4                ACMP0_IRQHandler
                0x000002c4                USART0_RX_IRQHandler
                0x000002c4                MemManage_Handler
                0x000002c4                DAC0_IRQHandler
                0x000002c4                UART1_RX_IRQHandler
                0x000002c4                CMU_IRQHandler
                0x000002c4                EBI_IRQHandler
                0x000002c4                LESENSE_IRQHandler
                0x000002c4                GPIO_ODD_IRQHandler
                0x000002c4                AES_IRQHandler
                0x000002c4                VCMP_IRQHandler
                0x000002c4                DMA_IRQHandler
                0x000002c4                BusFault_Handler
                0x000002c4                USART2_TX_IRQHandler
 .text.SystemCoreClockGet
                0x000002c8       0xdc ./CMSIS/EFM32WG/system_efm32wg.o
                0x000002c8                SystemCoreClockGet
 .text.SystemMaxCoreClockGet
                0x000003a4        0x8 ./CMSIS/EFM32WG/system_efm32wg.o
                0x000003a4                SystemMaxCoreClockGet
 .text.SystemHFClockGet
                0x000003ac       0xd0 ./CMSIS/EFM32WG/system_efm32wg.o
                0x000003ac                SystemHFClockGet
 .text.SystemHFXOClockGet
                0x0000047c        0xc ./CMSIS/EFM32WG/system_efm32wg.o
                0x0000047c                SystemHFXOClockGet
 .text.SystemInit
                0x00000488       0x14 ./CMSIS/EFM32WG/system_efm32wg.o
                0x00000488                SystemInit
 .text.SystemLFRCOClockGet
                0x0000049c        0x8 ./CMSIS/EFM32WG/system_efm32wg.o
                0x0000049c                SystemLFRCOClockGet
 .text.SystemULFRCOClockGet
                0x000004a4        0x8 ./CMSIS/EFM32WG/system_efm32wg.o
                0x000004a4                SystemULFRCOClockGet
 .text.SystemLFXOClockGet
                0x000004ac        0xc ./CMSIS/EFM32WG/system_efm32wg.o
                0x000004ac                SystemLFXOClockGet
 .text.SegmentLCD_AllOff
                0x000004b8       0xac ./Drivers/segmentlcd.o
                0x000004b8                SegmentLCD_AllOff
 .text.SegmentLCD_AlphaNumberOff
                0x00000564       0xa8 ./Drivers/segmentlcd.o
                0x00000564                SegmentLCD_AlphaNumberOff
 .text.SegmentLCD_Init
                0x0000060c       0xac ./Drivers/segmentlcd.o
                0x0000060c                SegmentLCD_Init
 .text.SegmentLCD_LowerHex
                0x000006b8      0x30c ./Drivers/segmentlcd.o
                0x000006b8                SegmentLCD_LowerHex
 .text.vListInsertEnd
                0x000009c4       0x20 ./FreeRTOS/efm32wg/list.o
                0x000009c4                vListInsertEnd
 .text.uxListRemove
                0x000009e4       0x28 ./FreeRTOS/efm32wg/list.o
                0x000009e4                uxListRemove
 *fill*         0x00000a0c        0x4 
 .text.SVC_Handler
                0x00000a10       0x24 ./FreeRTOS/efm32wg/port.o
                0x00000a10                SVC_Handler
 *fill*         0x00000a34        0xc 
 .text.PendSV_Handler
                0x00000a40       0x64 ./FreeRTOS/efm32wg/port.o
                0x00000a40                PendSV_Handler
 .text.SysTick_Handler
                0x00000aa4       0x2c ./FreeRTOS/efm32wg/port.o
                0x00000aa4                SysTick_Handler
 .text.xTaskIncrementTick
                0x00000ad0      0x168 ./FreeRTOS/efm32wg/tasks.o
                0x00000ad0                xTaskIncrementTick
 .text.vTaskSwitchContext
                0x00000c38       0x74 ./FreeRTOS/efm32wg/tasks.o
                0x00000c38                vTaskSwitchContext
 .text.assertEFM
                0x00000cac        0x4 ./emlib/em_assert.o
                0x00000cac                assertEFM
 .text.lfClkGet
                0x00000cb0      0x1cc ./emlib/em_cmu.o
 .text.CMU_ClockDivSet
                0x00000e7c      0x4b0 ./emlib/em_cmu.o
                0x00000e7c                CMU_ClockDivSet
 .text.CMU_ClockSelectGet
                0x0000132c       0xd8 ./emlib/em_cmu.o
                0x0000132c                CMU_ClockSelectGet
 .text.CMU_ClockFreqGet
                0x00001404      0x22c ./emlib/em_cmu.o
                0x00001404                CMU_ClockFreqGet
 .text.CMU_ClockEnable
                0x00001630       0xb4 ./emlib/em_cmu.o
                0x00001630                CMU_ClockEnable
 .text.CMU_ClockSelectSet
                0x000016e4      0x360 ./emlib/em_cmu.o
                0x000016e4                CMU_ClockSelectSet
 .text.CMU_LCDClkFDIVSet
                0x00001a44       0x34 ./emlib/em_cmu.o
                0x00001a44                CMU_LCDClkFDIVSet
 .text.LCD_Init
                0x00001a78       0x58 ./emlib/em_lcd.o
                0x00001a78                LCD_Init
 .text.LCD_VLCDSelect
                0x00001ad0       0x1c ./emlib/em_lcd.o
                0x00001ad0                LCD_VLCDSelect
 .text.LCD_SegmentRangeEnable
                0x00001aec       0x18 ./emlib/em_lcd.o
                0x00001aec                LCD_SegmentRangeEnable
 .text.LCD_SegmentSet
                0x00001b04      0x10c ./emlib/em_lcd.o
                0x00001b04                LCD_SegmentSet
 .text.LCD_SegmentSetLow
                0x00001c10       0xdc ./emlib/em_lcd.o
                0x00001c10                LCD_SegmentSetLow
 .text.LCD_SegmentSetHigh
                0x00001cec       0xd0 ./emlib/em_lcd.o
                0x00001cec                LCD_SegmentSetHigh
 .text.LCD_VBoostSet
                0x00001dbc       0x14 ./emlib/em_lcd.o
                0x00001dbc                LCD_VBoostSet
 .text.RTC_CompareGet
                0x00001dd0       0x30 ./emlib/em_rtc.o
                0x00001dd0                RTC_CompareGet
 .text.RTC_CompareSet
                0x00001e00       0x38 ./emlib/em_rtc.o
                0x00001e00                RTC_CompareSet
 .text.RTC_Enable
                0x00001e38        0x8 ./emlib/em_rtc.o
                0x00001e38                RTC_Enable
 .text.RTC_IRQHandler
                0x00001e40       0x60 ./src/low_power_tick_management.o
                0x00001e40                RTC_IRQHandler
 .text.startup.main
                0x00001ea0       0x70 ./src/main.o
                0x00001ea0                main
 .text.exit     0x00001f10       0x28 c:/siliconlabs/simplicitystudio/v4/developer/toolchains/gnu_arm/4.9_2015q3/bin/../lib/gcc/arm-none-eabi/4.9.3/../../../../arm-none-eabi/lib/armv7e-m/softfp\libc_nano.a(lib_a-exit.o)
                0x00001f10                exit
 .text.__libc_init_array
                0x00001f38       0x4c c:/siliconlabs/simplicitystudio/v4/developer/toolchains/gnu_arm/4.9_2015q3/bin/../lib/gcc/arm-none-eabi/4.9.3/../../../../arm-none-eabi/lib/armv7e-m/softfp\libc_nano.a(lib_a-init.o)
                0x00001f38                __libc_init_array
 .text.memset   0x00001f84       0x10 c:/siliconlabs/simplicitystudio/v4/developer/toolchains/gnu_arm/4.9_2015q3/bin/../lib/gcc/arm-none-eabi/4.9.3/../../../../arm-none-eabi/lib/armv7e-m/softfp\libc_nano.a(lib_a-memset.o)
                0x00001f84                memset
 .text.strlen   0x00001f94       0x10 c:/siliconlabs/simplicitystudio/v4/developer/toolchains/gnu_arm/4.9_2015q3/bin/../lib/gcc/arm-none-eabi/4.9.3/../../../../arm-none-eabi/lib/armv7e-m/softfp\libc_nano.a(lib_a-strlen.o)
                0x00001f94                strlen
 .text._exit    0x00001fa4        0x4 c:/siliconlabs/simplicitystudio/v4/developer/toolchains/gnu_arm/4.9_2015q3/bin/../lib/gcc/arm-none-eabi/4.9.3/../../../../arm-none-eabi/lib/armv7e-m/softfp\libnosys.a(_exit.o)
                0x00001fa4                _exit
 *(.init)
 .init          0x00001fa8        0x4 c:/siliconlabs/simplicitystudio/v4/developer/toolchains/gnu_arm/4.9_2015q3/bin/../lib/gcc/arm-none-eabi/4.9.3/armv7e-m/softfp/crti.o
                0x00001fa8                _init
 .init          0x00001fac        0x8 c:/siliconlabs/simplicitystudio/v4/developer/toolchains/gnu_arm/4.9_2015q3/bin/../lib/gcc/arm-none-eabi/4.9.3/armv7e-m/softfp/crtn.o
 *(.fini)
 .fini          0x00001fb4        0x4 c:/siliconlabs/simplicitystudio/v4/developer/toolchains/gnu_arm/4.9_2015q3/bin/../lib/gcc/arm-none-eabi/4.9.3/armv7e-m/softfp/crti.o
                0x00001fb4                _fini
 .fini          0x00001fb8        0x8 c:/siliconlabs/simplicitystudio/v4/developer/toolchains/gnu_arm/4.9_2015q3/bin/../lib/gcc/arm-none-eabi/4.9.3/armv7e-m/softfp/crtn.o
 *crtbegin.o(.ctors)
 *crtbegin?.o(.ctors)
 *(EXCLUDE_FILE(*crtend.o *crtend?.o) .ctors)
 *(SORT(.ctors.*))
 *(.ctors)
 *crtbegin.o(.dtors)
 *crtbegin?.o(.dtors)
 *(EXCLUDE_FILE(*crtend.o *crtend?.o) .dtors)
 *(SORT(.dtors.*))
 *(.dtors)
 *(.rodata*)
 .rodata.EFM_Display
                0x00001fc0      0x1fe ./Drivers/segmentlcd.o
 *fill*         0x000021be        0x2 
 .rodata.lcdInit
                0x000021c0       0x14 ./Drivers/segmentlcd.o
 .rodata.EFM_Alphabet
                0x000021d4       0xb8 ./Drivers/segmentlcd.o
 .rodata.str1.4
                0x0000228c       0x70 ./FreeRTOS/efm32wg/tasks.o
 .rodata.str1.4
                0x000022fc       0xc7 ./emlib/em_cmu.o
 *fill*         0x000023c3        0x1 
 .rodata.str1.4
                0x000023c4       0x63 ./emlib/em_lcd.o
 *fill*         0x00002427        0x1 
 .rodata.str1.4
                0x00002428       0x64 ./emlib/em_rtc.o
                                 0x63 (size before relaxing)
 .rodata.str1.1
                0x0000248c        0x2 c:/siliconlabs/simplicitystudio/v4/developer/toolchains/gnu_arm/4.9_2015q3/bin/../lib/gcc/arm-none-eabi/4.9.3/../../../../arm-none-eabi/lib/armv7e-m/softfp\libc_nano.a(lib_a-impure.o)
 *fill*         0x0000248e        0x2 
 .rodata._global_impure_ptr
                0x00002490        0x4 c:/siliconlabs/simplicitystudio/v4/developer/toolchains/gnu_arm/4.9_2015q3/bin/../lib/gcc/arm-none-eabi/4.9.3/../../../../arm-none-eabi/lib/armv7e-m/softfp\libc_nano.a(lib_a-impure.o)
                0x00002490                _global_impure_ptr
 *(.eh_frame*)
 .eh_frame      0x00002494        0x0 c:/siliconlabs/simplicitystudio/v4/developer/toolchains/gnu_arm/4.9_2015q3/bin/../lib/gcc/arm-none-eabi/4.9.3/armv7e-m/softfp/crtbegin.o
 .eh_frame      0x00002494        0x4 c:/siliconlabs/simplicitystudio/v4/developer/toolchains/gnu_arm/4.9_2015q3/bin/../lib/gcc/arm-none-eabi/4.9.3/armv7e-m/softfp/crtend.o

.glue_7         0x00002498        0x0
 .glue_7        0x00000000        0x0 linker stubs

.glue_7t        0x00002498        0x0
 .glue_7t       0x00000000        0x0 linker stubs

.vfp11_veneer   0x00002498        0x0
 .vfp11_veneer  0x00000000        0x0 linker stubs

.v4_bx          0x00002498        0x0
 .v4_bx         0x00000000        0x0 linker stubs

.iplt           0x00002498        0x0
 .iplt          0x00000000        0x0 c:/siliconlabs/simplicitystudio/v4/developer/toolchains/gnu_arm/4.9_2015q3/bin/../lib/gcc/arm-none-eabi/4.9.3/armv7e-m/softfp/crtbegin.o

.ARM.extab
 *(.ARM.extab* .gnu.linkonce.armextab.*)
                0x00002498                __exidx_start = .

.ARM.exidx      0x00002498        0x8
 *(.ARM.exidx* .gnu.linkonce.armexidx.*)
 .ARM.exidx     0x00002498        0x8 c:/siliconlabs/simplicitystudio/v4/developer/toolchains/gnu_arm/4.9_2015q3/bin/../lib/gcc/arm-none-eabi/4.9.3/../../../../arm-none-eabi/lib/armv7e-m/softfp/crt0.o
                0x000024a0                __exidx_end = .
                0x000024a0                __etext = .

.rel.dyn        0x000024a0        0x0
 .rel.iplt      0x00000000        0x0 c:/siliconlabs/simplicitystudio/v4/developer/toolchains/gnu_arm/4.9_2015q3/bin/../lib/gcc/arm-none-eabi/4.9.3/armv7e-m/softfp/crtbegin.o

.data           0x20000000       0x74 load address 0x000024a0
                0x20000000                __data_start__ = .
 *(vtable)
 *(.data*)
 .data.SystemLFXOClock
                0x20000000        0x4 ./CMSIS/EFM32WG/system_efm32wg.o
 .data.SystemHFXOClock
                0x20000004        0x4 ./CMSIS/EFM32WG/system_efm32wg.o
 .data.impure_data
                0x20000008       0x60 c:/siliconlabs/simplicitystudio/v4/developer/toolchains/gnu_arm/4.9_2015q3/bin/../lib/gcc/arm-none-eabi/4.9.3/../../../../arm-none-eabi/lib/armv7e-m/softfp\libc_nano.a(lib_a-impure.o)
                0x20000068                . = ALIGN (0x4)
 *(.ram)
                0x20000068                . = ALIGN (0x4)
                0x20000068                PROVIDE (__preinit_array_start, .)
 *(.preinit_array)
                0x20000068                PROVIDE (__preinit_array_end, .)
                0x20000068                . = ALIGN (0x4)
                0x20000068                PROVIDE (__init_array_start, .)
 *(SORT(.init_array.*))
 *(.init_array)
 .init_array    0x20000068        0x4 c:/siliconlabs/simplicitystudio/v4/developer/toolchains/gnu_arm/4.9_2015q3/bin/../lib/gcc/arm-none-eabi/4.9.3/armv7e-m/softfp/crtbegin.o
                0x2000006c                PROVIDE (__init_array_end, .)
                0x2000006c                . = ALIGN (0x4)
                0x2000006c                PROVIDE (__fini_array_start, .)
 *(SORT(.fini_array.*))
 *(.fini_array)
 .fini_array    0x2000006c        0x4 c:/siliconlabs/simplicitystudio/v4/developer/toolchains/gnu_arm/4.9_2015q3/bin/../lib/gcc/arm-none-eabi/4.9.3/armv7e-m/softfp/crtbegin.o
                0x20000070                PROVIDE (__fini_array_end, .)
 *(.jcr*)
 .jcr           0x20000070        0x0 c:/siliconlabs/simplicitystudio/v4/developer/toolchains/gnu_arm/4.9_2015q3/bin/../lib/gcc/arm-none-eabi/4.9.3/armv7e-m/softfp/crtbegin.o
 .jcr           0x20000070        0x4 c:/siliconlabs/simplicitystudio/v4/developer/toolchains/gnu_arm/4.9_2015q3/bin/../lib/gcc/arm-none-eabi/4.9.3/armv7e-m/softfp/crtend.o
                0x20000074                . = ALIGN (0x4)
                0x20000074                __data_end__ = .

.igot.plt       0x20000074        0x0 load address 0x00002514
 .igot.plt      0x00000000        0x0 c:/siliconlabs/simplicitystudio/v4/developer/toolchains/gnu_arm/4.9_2015q3/bin/../lib/gcc/arm-none-eabi/4.9.3/armv7e-m/softfp/crtbegin.o

.bss            0x20000074       0x88 load address 0x00002514
                0x20000074                . = ALIGN (0x4)
                0x20000074                __bss_start__ = .
 *(.bss*)
 .bss           0x20000074       0x1c c:/siliconlabs/simplicitystudio/v4/developer/toolchains/gnu_arm/4.9_2015q3/bin/../lib/gcc/arm-none-eabi/4.9.3/armv7e-m/softfp/crtbegin.o
 .bss.xNextTaskUnblockTime
                0x20000090        0x4 ./FreeRTOS/efm32wg/tasks.o
 .bss.xNumOfOverflows
                0x20000094        0x4 ./FreeRTOS/efm32wg/tasks.o
 .bss.pxDelayedTaskList
                0x20000098        0x4 ./FreeRTOS/efm32wg/tasks.o
 .bss.uxPendedTicks
                0x2000009c        0x4 ./FreeRTOS/efm32wg/tasks.o
 .bss.pxReadyTasksLists
                0x200000a0       0x3c ./FreeRTOS/efm32wg/tasks.o
 .bss.uxSchedulerSuspended
                0x200000dc        0x4 ./FreeRTOS/efm32wg/tasks.o
 .bss.pxCurrentTCB
                0x200000e0        0x4 ./FreeRTOS/efm32wg/tasks.o
                0x200000e0                pxCurrentTCB
 .bss.xTickCount
                0x200000e4        0x4 ./FreeRTOS/efm32wg/tasks.o
 .bss.pxOverflowDelayedTaskList
                0x200000e8        0x4 ./FreeRTOS/efm32wg/tasks.o
 .bss.uxTopReadyPriority
                0x200000ec        0x4 ./FreeRTOS/efm32wg/tasks.o
 .bss.xYieldPending
                0x200000f0        0x4 ./FreeRTOS/efm32wg/tasks.o
 .bss.msTicks   0x200000f4        0x4 ./src/main.o
                0x200000f4                msTicks
 *(COMMON)
 COMMON         0x200000f8        0x4 ./CMSIS/EFM32WG/system_efm32wg.o
                0x200000f8                SystemCoreClock
                0x200000fc                . = ALIGN (0x4)
                0x200000fc                __bss_end__ = .

.heap           0x20000100      0xc00
                0x20000100                __HeapBase = .
                0x20000100                __end__ = .
                0x20000100                end = __end__
                0x20000100                _end = __end__
 *(.heap*)
 .heap          0x20000100      0xc00 ./CMSIS/EFM32WG/startup_efm32wg.o
                0x20000d00                __HeapLimit = .

.stack_dummy    0x20000100      0x400
 *(.stack*)
 .stack         0x20000100      0x400 ./CMSIS/EFM32WG/startup_efm32wg.o
                0x20008000                __StackTop = (ORIGIN (RAM) + 0x8000)
                0x20007c00                __StackLimit = (__StackTop - SIZEOF (.stack_dummy))
                0x20008000                PROVIDE (__stack, __StackTop)
                0x00000001                ASSERT ((__StackLimit >= __HeapLimit), region RAM overflowed with stack)
                0x00000001                ASSERT ((0x40000 >= (__etext + SIZEOF (.data))), FLASH memory overflowed !)
OUTPUT(STK3800_freertos_tickless.axf elf32-littlearm)

.ARM.attributes
                0x00000000       0x2e
 .ARM.attributes
                0x00000000       0x22 c:/siliconlabs/simplicitystudio/v4/developer/toolchains/gnu_arm/4.9_2015q3/bin/../lib/gcc/arm-none-eabi/4.9.3/armv7e-m/softfp/crti.o
 .ARM.attributes
                0x00000022       0x32 c:/siliconlabs/simplicitystudio/v4/developer/toolchains/gnu_arm/4.9_2015q3/bin/../lib/gcc/arm-none-eabi/4.9.3/armv7e-m/softfp/crtbegin.o
 .ARM.attributes
                0x00000054       0x20 c:/siliconlabs/simplicitystudio/v4/developer/toolchains/gnu_arm/4.9_2015q3/bin/../lib/gcc/arm-none-eabi/4.9.3/../../../../arm-none-eabi/lib/armv7e-m/softfp/crt0.o
 .ARM.attributes
                0x00000074       0x37 ./BSP/bsp_trace.o
 .ARM.attributes
                0x000000ab       0x1f ./CMSIS/EFM32WG/startup_efm32wg.o
 .ARM.attributes
                0x000000ca       0x37 ./CMSIS/EFM32WG/system_efm32wg.o
 .ARM.attributes
                0x00000101       0x37 ./Drivers/segmentlcd.o
 .ARM.attributes
                0x00000138       0x37 ./FreeRTOS/efm32wg/list.o
 .ARM.attributes
                0x0000016f       0x37 ./FreeRTOS/efm32wg/port.o
 .ARM.attributes
                0x000001a6       0x37 ./FreeRTOS/efm32wg/tasks.o
 .ARM.attributes
                0x000001dd       0x37 ./emlib/em_assert.o
 .ARM.attributes
                0x00000214       0x37 ./emlib/em_cmu.o
 .ARM.attributes
                0x0000024b       0x37 ./emlib/em_lcd.o
 .ARM.attributes
                0x00000282       0x37 ./emlib/em_rtc.o
 .ARM.attributes
                0x000002b9       0x37 ./src/low_power_tick_management.o
 .ARM.attributes
                0x000002f0       0x37 ./src/main.o
 .ARM.attributes
                0x00000327       0x32 c:/siliconlabs/simplicitystudio/v4/developer/toolchains/gnu_arm/4.9_2015q3/bin/../lib/gcc/arm-none-eabi/4.9.3/../../../../arm-none-eabi/lib/armv7e-m/softfp\libc_nano.a(lib_a-exit.o)
 .ARM.attributes
                0x00000359       0x32 c:/siliconlabs/simplicitystudio/v4/developer/toolchains/gnu_arm/4.9_2015q3/bin/../lib/gcc/arm-none-eabi/4.9.3/../../../../arm-none-eabi/lib/armv7e-m/softfp\libc_nano.a(lib_a-impure.o)
 .ARM.attributes
                0x0000038b       0x32 c:/siliconlabs/simplicitystudio/v4/developer/toolchains/gnu_arm/4.9_2015q3/bin/../lib/gcc/arm-none-eabi/4.9.3/../../../../arm-none-eabi/lib/armv7e-m/softfp\libc_nano.a(lib_a-init.o)
 .ARM.attributes
                0x000003bd       0x32 c:/siliconlabs/simplicitystudio/v4/developer/toolchains/gnu_arm/4.9_2015q3/bin/../lib/gcc/arm-none-eabi/4.9.3/../../../../arm-none-eabi/lib/armv7e-m/softfp\libc_nano.a(lib_a-memset.o)
 .ARM.attributes
                0x000003ef       0x32 c:/siliconlabs/simplicitystudio/v4/developer/toolchains/gnu_arm/4.9_2015q3/bin/../lib/gcc/arm-none-eabi/4.9.3/../../../../arm-none-eabi/lib/armv7e-m/softfp\libc_nano.a(lib_a-strlen.o)
 .ARM.attributes
                0x00000421       0x32 c:/siliconlabs/simplicitystudio/v4/developer/toolchains/gnu_arm/4.9_2015q3/bin/../lib/gcc/arm-none-eabi/4.9.3/../../../../arm-none-eabi/lib/armv7e-m/softfp\libnosys.a(_exit.o)
 .ARM.attributes
                0x00000453       0x32 c:/siliconlabs/simplicitystudio/v4/developer/toolchains/gnu_arm/4.9_2015q3/bin/../lib/gcc/arm-none-eabi/4.9.3/armv7e-m/softfp/crtend.o
 .ARM.attributes
                0x00000485       0x22 c:/siliconlabs/simplicitystudio/v4/developer/toolchains/gnu_arm/4.9_2015q3/bin/../lib/gcc/arm-none-eabi/4.9.3/armv7e-m/softfp/crtn.o

.comment        0x00000000       0x70
 .comment       0x00000000       0x70 ./BSP/bsp_trace.o
                                 0x71 (size before relaxing)
 .comment       0x00000000       0x71 ./CMSIS/EFM32WG/system_efm32wg.o
 .comment       0x00000000       0x71 ./Drivers/segmentlcd.o
 .comment       0x00000000       0x71 ./FreeRTOS/efm32wg/list.o
 .comment       0x00000000       0x71 ./FreeRTOS/efm32wg/port.o
 .comment       0x00000000       0x71 ./FreeRTOS/efm32wg/tasks.o
 .comment       0x00000000       0x71 ./emlib/em_assert.o
 .comment       0x00000000       0x71 ./emlib/em_cmu.o
 .comment       0x00000000       0x71 ./emlib/em_lcd.o
 .comment       0x00000000       0x71 ./emlib/em_rtc.o
 .comment       0x00000000       0x71 ./src/low_power_tick_management.o
 .comment       0x00000000       0x71 ./src/main.o

.debug_info     0x00000000     0xd31a
 .debug_info    0x00000000      0xcd1 ./BSP/bsp_trace.o
 .debug_info    0x00000cd1      0x10f ./CMSIS/EFM32WG/startup_efm32wg.o
 .debug_info    0x00000de0      0x84e ./CMSIS/EFM32WG/system_efm32wg.o
 .debug_info    0x0000162e     0x29b5 ./Drivers/segmentlcd.o
 .debug_info    0x00003fe3      0x2c5 ./FreeRTOS/efm32wg/list.o
 .debug_info    0x000042a8      0x724 ./FreeRTOS/efm32wg/port.o
 .debug_info    0x000049cc     0x2e27 ./FreeRTOS/efm32wg/tasks.o
 .debug_info    0x000077f3       0x73 ./emlib/em_assert.o
 .debug_info    0x00007866     0x2dfa ./emlib/em_cmu.o
 .debug_info    0x0000a660     0x102c ./emlib/em_lcd.o
 .debug_info    0x0000b68c      0x468 ./emlib/em_rtc.o
 .debug_info    0x0000baf4      0xee3 ./src/low_power_tick_management.o
 .debug_info    0x0000c9d7      0x943 ./src/main.o

.debug_abbrev   0x00000000     0x1e62
 .debug_abbrev  0x00000000      0x1c6 ./BSP/bsp_trace.o
 .debug_abbrev  0x000001c6       0x14 ./CMSIS/EFM32WG/startup_efm32wg.o
 .debug_abbrev  0x000001da      0x1eb ./CMSIS/EFM32WG/system_efm32wg.o
 .debug_abbrev  0x000003c5      0x327 ./Drivers/segmentlcd.o
 .debug_abbrev  0x000006ec       0xf6 ./FreeRTOS/efm32wg/list.o
 .debug_abbrev  0x000007e2      0x2f2 ./FreeRTOS/efm32wg/port.o
 .debug_abbrev  0x00000ad4      0x45a ./FreeRTOS/efm32wg/tasks.o
 .debug_abbrev  0x00000f2e       0x63 ./emlib/em_assert.o
 .debug_abbrev  0x00000f91      0x455 ./emlib/em_cmu.o
 .debug_abbrev  0x000013e6      0x2a7 ./emlib/em_lcd.o
 .debug_abbrev  0x0000168d      0x23d ./emlib/em_rtc.o
 .debug_abbrev  0x000018ca      0x308 ./src/low_power_tick_management.o
 .debug_abbrev  0x00001bd2      0x290 ./src/main.o

.debug_loc      0x00000000     0xb830
 .debug_loc     0x00000000       0xc6 ./BSP/bsp_trace.o
 .debug_loc     0x000000c6      0x36a ./CMSIS/EFM32WG/system_efm32wg.o
 .debug_loc     0x00000430     0x3267 ./Drivers/segmentlcd.o
 .debug_loc     0x00003697       0xf9 ./FreeRTOS/efm32wg/list.o
 .debug_loc     0x00003790      0x32c ./FreeRTOS/efm32wg/port.o
 .debug_loc     0x00003abc     0x2aab ./FreeRTOS/efm32wg/tasks.o
 .debug_loc     0x00006567     0x3d4f ./emlib/em_cmu.o
 .debug_loc     0x0000a2b6     0x11ad ./emlib/em_lcd.o
 .debug_loc     0x0000b463      0x110 ./emlib/em_rtc.o
 .debug_loc     0x0000b573      0x26b ./src/low_power_tick_management.o
 .debug_loc     0x0000b7de       0x52 ./src/main.o

.debug_aranges  0x00000000      0x5b8
 .debug_aranges
                0x00000000       0x28 ./BSP/bsp_trace.o
 .debug_aranges
                0x00000028       0x20 ./CMSIS/EFM32WG/startup_efm32wg.o
 .debug_aranges
                0x00000048       0x68 ./CMSIS/EFM32WG/system_efm32wg.o
 .debug_aranges
                0x000000b0       0x98 ./Drivers/segmentlcd.o
 .debug_aranges
                0x00000148       0x40 ./FreeRTOS/efm32wg/list.o
 .debug_aranges
                0x00000188       0x88 ./FreeRTOS/efm32wg/port.o
 .debug_aranges
                0x00000210      0x170 ./FreeRTOS/efm32wg/tasks.o
 .debug_aranges
                0x00000380       0x20 ./emlib/em_assert.o
 .debug_aranges
                0x000003a0       0xe8 ./emlib/em_cmu.o
 .debug_aranges
                0x00000488       0x80 ./emlib/em_lcd.o
 .debug_aranges
                0x00000508       0x50 ./emlib/em_rtc.o
 .debug_aranges
                0x00000558       0x30 ./src/low_power_tick_management.o
 .debug_aranges
                0x00000588       0x30 ./src/main.o

.debug_ranges   0x00000000     0x1660
 .debug_ranges  0x00000000       0x18 ./BSP/bsp_trace.o
 .debug_ranges  0x00000018      0x1a8 ./CMSIS/EFM32WG/system_efm32wg.o
 .debug_ranges  0x000001c0      0x1c0 ./Drivers/segmentlcd.o
 .debug_ranges  0x00000380       0x30 ./FreeRTOS/efm32wg/list.o
 .debug_ranges  0x000003b0       0xe0 ./FreeRTOS/efm32wg/port.o
 .debug_ranges  0x00000490      0x670 ./FreeRTOS/efm32wg/tasks.o
 .debug_ranges  0x00000b00       0x10 ./emlib/em_assert.o
 .debug_ranges  0x00000b10      0x908 ./emlib/em_cmu.o
 .debug_ranges  0x00001418       0xc0 ./emlib/em_lcd.o
 .debug_ranges  0x000014d8       0x70 ./emlib/em_rtc.o
 .debug_ranges  0x00001548       0xc8 ./src/low_power_tick_management.o
 .debug_ranges  0x00001610       0x50 ./src/main.o

.debug_line     0x00000000     0x4d37
 .debug_line    0x00000000      0x35c ./BSP/bsp_trace.o
 .debug_line    0x0000035c       0xd3 ./CMSIS/EFM32WG/startup_efm32wg.o
 .debug_line    0x0000042f      0x49a ./CMSIS/EFM32WG/system_efm32wg.o
 .debug_line    0x000008c9      0xa89 ./Drivers/segmentlcd.o
 .debug_line    0x00001352      0x32e ./FreeRTOS/efm32wg/list.o
 .debug_line    0x00001680      0x4ea ./FreeRTOS/efm32wg/port.o
 .debug_line    0x00001b6a      0xf7c ./FreeRTOS/efm32wg/tasks.o
 .debug_line    0x00002ae6       0x9b ./emlib/em_assert.o
 .debug_line    0x00002b81      0xeb3 ./emlib/em_cmu.o
 .debug_line    0x00003a34      0x5de ./emlib/em_lcd.o
 .debug_line    0x00004012      0x3b3 ./emlib/em_rtc.o
 .debug_line    0x000043c5      0x57a ./src/low_power_tick_management.o
 .debug_line    0x0000493f      0x3f8 ./src/main.o

.debug_str      0x00000000     0x34c9
 .debug_str     0x00000000      0x7b8 ./BSP/bsp_trace.o
                                0x822 (size before relaxing)
 .debug_str     0x000007b8      0x244 ./CMSIS/EFM32WG/system_efm32wg.o
                                0x523 (size before relaxing)
 .debug_str     0x000009fc      0xa18 ./Drivers/segmentlcd.o
                                0xf7f (size before relaxing)
 .debug_str     0x00001414      0x1a3 ./FreeRTOS/efm32wg/list.o
                                0x32b (size before relaxing)
 .debug_str     0x000015b7      0x43b ./FreeRTOS/efm32wg/port.o
                                0x5ec (size before relaxing)
 .debug_str     0x000019f2      0xb3f ./FreeRTOS/efm32wg/tasks.o
                                0xfc4 (size before relaxing)
 .debug_str     0x00002531       0x6b ./emlib/em_assert.o
                                0x156 (size before relaxing)
 .debug_str     0x0000259c      0x67d ./emlib/em_cmu.o
                                0xe0f (size before relaxing)
 .debug_str     0x00002c19      0x30b ./emlib/em_lcd.o
                                0x90e (size before relaxing)
 .debug_str     0x00002f24      0x102 ./emlib/em_rtc.o
                                0x2fb (size before relaxing)
 .debug_str     0x00003026      0x41c ./src/low_power_tick_management.o
                                0xc7b (size before relaxing)
 .debug_str     0x00003442       0x87 ./src/main.o
                                0x8b0 (size before relaxing)

.debug_frame    0x00000000     0x1108
 .debug_frame   0x00000000       0x44 ./BSP/bsp_trace.o
 .debug_frame   0x00000044       0xb0 ./CMSIS/EFM32WG/system_efm32wg.o
 .debug_frame   0x000000f4      0x1f0 ./Drivers/segmentlcd.o
 .debug_frame   0x000002e4       0x88 ./FreeRTOS/efm32wg/list.o
 .debug_frame   0x0000036c      0x154 ./FreeRTOS/efm32wg/port.o
 .debug_frame   0x000004c0      0x570 ./FreeRTOS/efm32wg/tasks.o
 .debug_frame   0x00000a30       0x20 ./emlib/em_assert.o
 .debug_frame   0x00000a50      0x358 ./emlib/em_cmu.o
 .debug_frame   0x00000da8      0x14c ./emlib/em_lcd.o
 .debug_frame   0x00000ef4       0x94 ./emlib/em_rtc.o
 .debug_frame   0x00000f88       0x84 ./src/low_power_tick_management.o
 .debug_frame   0x0000100c       0x48 ./src/main.o
 .debug_frame   0x00001054       0x28 c:/siliconlabs/simplicitystudio/v4/developer/toolchains/gnu_arm/4.9_2015q3/bin/../lib/gcc/arm-none-eabi/4.9.3/../../../../arm-none-eabi/lib/armv7e-m/softfp\libc_nano.a(lib_a-exit.o)
 .debug_frame   0x0000107c       0x2c c:/siliconlabs/simplicitystudio/v4/developer/toolchains/gnu_arm/4.9_2015q3/bin/../lib/gcc/arm-none-eabi/4.9.3/../../../../arm-none-eabi/lib/armv7e-m/softfp\libc_nano.a(lib_a-init.o)
 .debug_frame   0x000010a8       0x20 c:/siliconlabs/simplicitystudio/v4/developer/toolchains/gnu_arm/4.9_2015q3/bin/../lib/gcc/arm-none-eabi/4.9.3/../../../../arm-none-eabi/lib/armv7e-m/softfp\libc_nano.a(lib_a-memset.o)
 .debug_frame   0x000010c8       0x20 c:/siliconlabs/simplicitystudio/v4/developer/toolchains/gnu_arm/4.9_2015q3/bin/../lib/gcc/arm-none-eabi/4.9.3/../../../../arm-none-eabi/lib/armv7e-m/softfp\libc_nano.a(lib_a-strlen.o)
 .debug_frame   0x000010e8       0x20 c:/siliconlabs/simplicitystudio/v4/developer/toolchains/gnu_arm/4.9_2015q3/bin/../lib/gcc/arm-none-eabi/4.9.3/../../../../arm-none-eabi/lib/armv7e-m/softfp\libnosys.a(_exit.o)
